Archive member included because of file (symbol)

../../rootfs/lib//libmbed.a(gpio_api.o)
                              blinky.o (gpio_init)
../../rootfs/lib//libmbed.a(pinmap.o)
                              ../../rootfs/lib//libmbed.a(gpio_api.o) (pin_function)
../../rootfs/lib//libmbed.a(wait_api.o)
                              blinky.o (wait)
../../rootfs/lib//libmbed.a(exit.o)
                              /home/stephen/Workspace/mbed/local/libexec/gcc-arm-none-eabi-4_7/bin/../lib/gcc/arm-none-eabi/4.7.4/../../../../arm-none-eabi/lib/armv7-m/crt0.o (exit)
../../rootfs/lib//libmbed.a(mbed_interface.o)
                              ../../rootfs/lib//libmbed.a(exit.o) (mbed_interface_connected)
../../rootfs/lib//libmbed.a(us_ticker.o)
                              ../../rootfs/lib//libmbed.a(wait_api.o) (us_ticker_read)
../../rootfs/lib//libmbed.a(board.o)
                              ../../rootfs/lib//libmbed.a(exit.o) (mbed_die)
../../rootfs/lib//libmbed.a(semihost_api.o)
                              ../../rootfs/lib//libmbed.a(exit.o) (semihost_exit)
../../rootfs/lib//libmbed.a(us_ticker_api.o)
                              ../../rootfs/lib//libmbed.a(us_ticker.o) (us_ticker_irq_handler)
/home/stephen/Workspace/mbed/local/libexec/gcc-arm-none-eabi-4_7/bin/../lib/gcc/arm-none-eabi/4.7.4/armv7-m/libgcc.a(_arm_muldivsf3.o)
                              ../../rootfs/lib//libmbed.a(wait_api.o) (__aeabi_fmul)
/home/stephen/Workspace/mbed/local/libexec/gcc-arm-none-eabi-4_7/bin/../lib/gcc/arm-none-eabi/4.7.4/armv7-m/libgcc.a(_arm_fixsfsi.o)
                              ../../rootfs/lib//libmbed.a(wait_api.o) (__aeabi_f2iz)
/home/stephen/Workspace/mbed/local/libexec/gcc-arm-none-eabi-4_7/bin/../lib/gcc/arm-none-eabi/4.7.4/armv7-m/libgcc.a(_aeabi_uldivmod.o)
                              ../../build/sys/libs/mbed/build/mbed/TARGET_LPC1768/TOOLCHAIN_GCC_ARM/system_LPC17xx.o (__aeabi_uldivmod)
/home/stephen/Workspace/mbed/local/libexec/gcc-arm-none-eabi-4_7/bin/../lib/gcc/arm-none-eabi/4.7.4/armv7-m/libgcc.a(bpabi.o)
                              /home/stephen/Workspace/mbed/local/libexec/gcc-arm-none-eabi-4_7/bin/../lib/gcc/arm-none-eabi/4.7.4/armv7-m/libgcc.a(_aeabi_uldivmod.o) (__gnu_uldivmod_helper)
/home/stephen/Workspace/mbed/local/libexec/gcc-arm-none-eabi-4_7/bin/../lib/gcc/arm-none-eabi/4.7.4/armv7-m/libgcc.a(_dvmd_tls.o)
                              /home/stephen/Workspace/mbed/local/libexec/gcc-arm-none-eabi-4_7/bin/../lib/gcc/arm-none-eabi/4.7.4/armv7-m/libgcc.a(_aeabi_uldivmod.o) (__aeabi_ldiv0)
/home/stephen/Workspace/mbed/local/libexec/gcc-arm-none-eabi-4_7/bin/../lib/gcc/arm-none-eabi/4.7.4/armv7-m/libgcc.a(_divdi3.o)
                              /home/stephen/Workspace/mbed/local/libexec/gcc-arm-none-eabi-4_7/bin/../lib/gcc/arm-none-eabi/4.7.4/armv7-m/libgcc.a(bpabi.o) (__divdi3)
/home/stephen/Workspace/mbed/local/libexec/gcc-arm-none-eabi-4_7/bin/../lib/gcc/arm-none-eabi/4.7.4/armv7-m/libgcc.a(_udivdi3.o)
                              /home/stephen/Workspace/mbed/local/libexec/gcc-arm-none-eabi-4_7/bin/../lib/gcc/arm-none-eabi/4.7.4/armv7-m/libgcc.a(bpabi.o) (__udivdi3)
/home/stephen/Workspace/mbed/local/libexec/gcc-arm-none-eabi-4_7/bin/../lib/gcc/arm-none-eabi/4.7.4/../../../../arm-none-eabi/lib/armv7-m/libc_s.a(lib_a-__atexit2.o)
                              /home/stephen/Workspace/mbed/local/libexec/gcc-arm-none-eabi-4_7/bin/../lib/gcc/arm-none-eabi/4.7.4/../../../../arm-none-eabi/lib/armv7-m/crt0.o (__register_exitproc)
/home/stephen/Workspace/mbed/local/libexec/gcc-arm-none-eabi-4_7/bin/../lib/gcc/arm-none-eabi/4.7.4/../../../../arm-none-eabi/lib/armv7-m/libc_s.a(lib_a-fini.o)
                              /home/stephen/Workspace/mbed/local/libexec/gcc-arm-none-eabi-4_7/bin/../lib/gcc/arm-none-eabi/4.7.4/../../../../arm-none-eabi/lib/armv7-m/crt0.o (__libc_fini_array)
/home/stephen/Workspace/mbed/local/libexec/gcc-arm-none-eabi-4_7/bin/../lib/gcc/arm-none-eabi/4.7.4/../../../../arm-none-eabi/lib/armv7-m/libc_s.a(lib_a-init.o)
                              /home/stephen/Workspace/mbed/local/libexec/gcc-arm-none-eabi-4_7/bin/../lib/gcc/arm-none-eabi/4.7.4/../../../../arm-none-eabi/lib/armv7-m/crt0.o (__libc_init_array)
/home/stephen/Workspace/mbed/local/libexec/gcc-arm-none-eabi-4_7/bin/../lib/gcc/arm-none-eabi/4.7.4/../../../../arm-none-eabi/lib/armv7-m/libc_s.a(lib_a-memset.o)
                              /home/stephen/Workspace/mbed/local/libexec/gcc-arm-none-eabi-4_7/bin/../lib/gcc/arm-none-eabi/4.7.4/../../../../arm-none-eabi/lib/armv7-m/crt0.o (memset)
/home/stephen/Workspace/mbed/local/libexec/gcc-arm-none-eabi-4_7/bin/../lib/gcc/arm-none-eabi/4.7.4/../../../../arm-none-eabi/lib/armv7-m/libc_s.a(lib_a-sscanf.o)
                              ../../rootfs/lib//libmbed.a(mbed_interface.o) (sscanf)
/home/stephen/Workspace/mbed/local/libexec/gcc-arm-none-eabi-4_7/bin/../lib/gcc/arm-none-eabi/4.7.4/../../../../arm-none-eabi/lib/armv7-m/libc_s.a(lib_a-stdio.o)
[...]
Memory Configuration

Name             Origin             Length             Attributes
FLASH            0x0000000000000000 0x0000000000080000 xr
RAM              0x00000000100000c8 0x0000000000007f38 xrw
USB_RAM          0x000000002007c000 0x0000000000004000 xrw
ETH_RAM          0x0000000020080000 0x0000000000004000 xrw
*default*        0x0000000000000000 0xffffffffffffffff

Linker script and memory map

LOAD /home/stephen/Workspace/mbed/local/libexec/gcc-arm-none-eabi-4_7/bin/../lib/gcc/arm-none-eabi/4.7.4/armv7-m/crti.o
LOAD /home/stephen/Workspace/mbed/local/libexec/gcc-arm-none-eabi-4_7/bin/../lib/gcc/arm-none-eabi/4.7.4/armv7-m/crtbegin.o
LOAD /home/stephen/Workspace/mbed/local/libexec/gcc-arm-none-eabi-4_7/bin/../lib/gcc/arm-none-eabi/4.7.4/../../../../arm-none-eabi/lib/armv7-m/crt0.o
LOAD blinky.o
LOAD ../../build/sys/libs/mbed/build/mbed/TARGET_LPC1768/TOOLCHAIN_GCC_ARM/startup_LPC17xx.o
LOAD ../../build/sys/libs/mbed/build/mbed/TARGET_LPC1768/TOOLCHAIN_GCC_ARM/cmsis_nvic.o
LOAD ../../build/sys/libs/mbed/build/mbed/TARGET_LPC1768/TOOLCHAIN_GCC_ARM/system_LPC17xx.o
LOAD ../../rootfs/lib//libmbed.a
LOAD /home/stephen/Workspace/mbed/local/libexec/gcc-arm-none-eabi-4_7/bin/../lib/gcc/arm-none-eabi/4.7.4/../../../../arm-none-eabi/lib/armv7-m/libnosys.a
LOAD /home/stephen/Workspace/mbed/local/libexec/gcc-arm-none-eabi-4_7/bin/../lib/gcc/arm-none-eabi/4.7.4/../../../../arm-none-eabi/lib/armv7-m/libstdc++_s.a
LOAD /home/stephen/Workspace/mbed/local/libexec/gcc-arm-none-eabi-4_7/bin/../lib/gcc/arm-none-eabi/4.7.4/../../../../arm-none-eabi/lib/armv7-m/libm.a
START GROUP
LOAD /home/stephen/Workspace/mbed/local/libexec/gcc-arm-none-eabi-4_7/bin/../lib/gcc/arm-none-eabi/4.7.4/armv7-m/libgcc.a
LOAD /home/stephen/Workspace/mbed/local/libexec/gcc-arm-none-eabi-4_7/bin/../lib/gcc/arm-none-eabi/4.7.4/../../../../arm-none-eabi/lib/armv7-m/libc_s.a
END GROUP
LOAD /home/stephen/Workspace/mbed/local/libexec/gcc-arm-none-eabi-4_7/bin/../lib/gcc/arm-none-eabi/4.7.4/armv7-m/crtend.o
LOAD /home/stephen/Workspace/mbed/local/libexec/gcc-arm-none-eabi-4_7/bin/../lib/gcc/arm-none-eabi/4.7.4/armv7-m/crtn.o

.text           0x0000000000000000      0xbe4
 *(.isr_vector)
 .isr_vector    0x0000000000000000       0xcc ../../build/sys/libs/mbed/build/mbed/TARGET_LPC1768/TOOLCHAIN_GCC_ARM/startup_LPC17xx.o
                0x0000000000000000                __isr_vector
 *(.text*)
 .text          0x00000000000000cc       0x54 /home/stephen/Workspace/mbed/local/libexec/gcc-arm-none-eabi-4_7/bin/../lib/gcc/arm-none-eabi/4.7.4/armv7-m/crtbegin.o
 .text          0x0000000000000120       0x70 /home/stephen/Workspace/mbed/local/libexec/gcc-arm-none-eabi-4_7/bin/../lib/gcc/arm-none-eabi/4.7.4/../../../../arm-none-eabi/lib/armv7-m/crt0.o
                0x0000000000000120                _mainCRTStartup
                0x0000000000000120                _start
                0x0000000000000120                start
 .text.gpio_write
                0x0000000000000190       0x58 blinky.o
 .text._ZN4mbed10DigitalOutC2E7PinName
                0x00000000000001e8       0x3c blinky.o
                0x00000000000001e8                mbed::DigitalOut::DigitalOut(PinName)
                0x00000000000001e8                mbed::DigitalOut::DigitalOut(PinName)
 .text._ZN4mbed10DigitalOut5writeEi
                0x0000000000000224       0x30 blinky.o
                0x0000000000000224                mbed::DigitalOut::write(int)
 .text._ZN4mbed10DigitalOutaSEi
                0x0000000000000254       0x34 blinky.o
                0x0000000000000254                mbed::DigitalOut::operator=(int)
 .text.main     0x0000000000000288       0x3c blinky.o
                0x0000000000000288                main
 .text._Z41__static_initialization_and_destruction_0ii
                0x00000000000002c4       0x54 blinky.o
 .text._GLOBAL__sub_I_myled
                0x0000000000000318       0x24 blinky.o
 .text          0x000000000000033c       0x90 ../../build/sys/libs/mbed/build/mbed/TARGET_LPC1768/TOOLCHAIN_GCC_ARM/startup_LPC17xx.o
                0x000000000000033c                Reset_Handler
                0x0000000000000370                NMI_Handler
                0x0000000000000372                HardFault_Handler
                0x0000000000000374                MemManage_Handler
                0x0000000000000376                BusFault_Handler
                0x0000000000000378                UsageFault_Handler
                0x000000000000037a                SVC_Handler
                0x000000000000037c                DebugMon_Handler
                0x000000000000037e                PendSV_Handler
                0x0000000000000380                SysTick_Handler
                0x0000000000000382                Default_Handler
                0x0000000000000382                DEF_IRQHandler
                0x0000000000000384                WDT_IRQHandler
                0x0000000000000386                TIMER0_IRQHandler
                0x0000000000000388                TIMER1_IRQHandler
                0x000000000000038a                TIMER2_IRQHandler
                0x000000000000038c                TIMER3_IRQHandler
                0x000000000000038e                UART0_IRQHandler
                0x0000000000000390                UART1_IRQHandler
                0x0000000000000392                UART2_IRQHandler
                0x0000000000000394                UART3_IRQHandler
                0x0000000000000396                PWM1_IRQHandler
                0x0000000000000398                I2C0_IRQHandler
                0x000000000000039a                I2C1_IRQHandler
                0x000000000000039c                I2C2_IRQHandler
                0x000000000000039e                SPI_IRQHandler
                0x00000000000003a0                SSP0_IRQHandler
                0x00000000000003a2                SSP1_IRQHandler
                0x00000000000003a4                PLL0_IRQHandler
                0x00000000000003a6                RTC_IRQHandler
                0x00000000000003a8                EINT0_IRQHandler
                0x00000000000003aa                EINT1_IRQHandler
                0x00000000000003ac                EINT2_IRQHandler
                0x00000000000003ae                EINT3_IRQHandler
                0x00000000000003b0                ADC_IRQHandler
                0x00000000000003b2                BOD_IRQHandler
                0x00000000000003b4                USB_IRQHandler
                0x00000000000003b6                CAN_IRQHandler
                0x00000000000003b8                DMA_IRQHandler
                0x00000000000003ba                I2S_IRQHandler
                0x00000000000003bc                ENET_IRQHandler
                0x00000000000003be                RIT_IRQHandler
                0x00000000000003c0                MCPWM_IRQHandler
                0x00000000000003c2                QEI_IRQHandler
                0x00000000000003c4                PLL1_IRQHandler
                0x00000000000003c6                USBActivity_IRQHandler
                0x00000000000003c8                CANActivity_IRQHandler
 .text.NVIC_SetVector
                0x00000000000003cc       0x4c ../../build/sys/libs/mbed/build/mbed/TARGET_LPC1768/TOOLCHAIN_GCC_ARM/cmsis_nvic.o
                0x00000000000003cc                NVIC_SetVector
 .text.SystemInit
                0x0000000000000418       0xd0 ../../build/sys/libs/mbed/build/mbed/TARGET_LPC1768/TOOLCHAIN_GCC_ARM/system_LPC17xx.o
                0x0000000000000418                SystemInit
 .text.gpio_set
                0x00000000000004e8       0x18 ../../rootfs/lib//libmbed.a(gpio_api.o)
                0x00000000000004e8                gpio_set
 .text.gpio_dir
                0x0000000000000500       0x24 ../../rootfs/lib//libmbed.a(gpio_api.o)
                0x0000000000000500                gpio_dir
 .text.gpio_init
                0x0000000000000524       0x58 ../../rootfs/lib//libmbed.a(gpio_api.o)
                0x0000000000000524                gpio_init
 .text.pin_function
                0x000000000000057c       0x44 ../../rootfs/lib//libmbed.a(pinmap.o)
                0x000000000000057c                pin_function
 .text.pin_mode
                0x00000000000005c0       0x6c ../../rootfs/lib//libmbed.a(pinmap.o)
                0x00000000000005c0                pin_mode
 .text.wait_us  0x000000000000062c       0x18 ../../rootfs/lib//libmbed.a(wait_api.o)
                0x000000000000062c                wait_us
 .text.wait_ms  0x0000000000000644        0xc ../../rootfs/lib//libmbed.a(wait_api.o)
                0x0000000000000644                wait_ms
 .text.wait     0x0000000000000650       0x1c ../../rootfs/lib//libmbed.a(wait_api.o)
                0x0000000000000650                wait
 .text.exit     0x000000000000066c       0x1c ../../rootfs/lib//libmbed.a(exit.o)
                0x000000000000066c                exit
 .text.mbed_interface_connected
                0x0000000000000688        0x4 ../../rootfs/lib//libmbed.a(mbed_interface.o)
                0x0000000000000688                mbed_interface_connected
 .text.us_ticker_init
                0x000000000000068c       0x6c ../../rootfs/lib//libmbed.a(us_ticker.o)
                0x000000000000068c                us_ticker_init
 .text.us_ticker_read
                0x00000000000006f8       0x1c ../../rootfs/lib//libmbed.a(us_ticker.o)
                0x00000000000006f8                us_ticker_read
 .text.us_ticker_set_interrupt
                0x0000000000000714       0x14 ../../rootfs/lib//libmbed.a(us_ticker.o)
                0x0000000000000714                us_ticker_set_interrupt
 .text.us_ticker_disable_interrupt
                0x0000000000000728       0x14 ../../rootfs/lib//libmbed.a(us_ticker.o)
                0x0000000000000728                us_ticker_disable_interrupt
 .text.us_ticker_clear_interrupt
                0x000000000000073c       0x10 ../../rootfs/lib//libmbed.a(us_ticker.o)
                0x000000000000073c                us_ticker_clear_interrupt
 .text.mbed_die
                0x000000000000074c       0x84 ../../rootfs/lib//libmbed.a(board.o)
                0x000000000000074c                mbed_die
 .text.semihost_exit
                0x00000000000007d0       0x18 ../../rootfs/lib//libmbed.a(semihost_api.o)
                0x00000000000007d0                semihost_exit
 .text.semihost_connected
                0x00000000000007e8       0x10 ../../rootfs/lib//libmbed.a(semihost_api.o)
                0x00000000000007e8                semihost_connected
 .text.us_ticker_irq_handler
                0x00000000000007f8       0x48 ../../rootfs/lib//libmbed.a(us_ticker_api.o)
                0x00000000000007f8                us_ticker_irq_handler
 .text          0x0000000000000840      0x2a0 /home/stephen/Workspace/mbed/local/libexec/gcc-arm-none-eabi-4_7/bin/../lib/gcc/arm-none-eabi/4.7.4/armv7-m/libgcc.a(_arm_muldivsf3.o)
                0x0000000000000840                __mulsf3
                0x0000000000000840                __aeabi_fmul
                0x00000000000009a8                __divsf3
                0x00000000000009a8                __aeabi_fdiv
 .text          0x0000000000000ae0       0x4c /home/stephen/Workspace/mbed/local/libexec/gcc-arm-none-eabi-4_7/bin/../lib/gcc/arm-none-eabi/4.7.4/armv7-m/libgcc.a(_arm_fixsfsi.o)
                0x0000000000000ae0                __fixsfsi
                0x0000000000000ae0                __aeabi_f2iz
 .text.__register_exitproc
                0x0000000000000b2c       0x14 /home/stephen/Workspace/mbed/local/libexec/gcc-arm-none-eabi-4_7/bin/../lib/gcc/arm-none-eabi/4.7.4/../../../../arm-none-eabi/lib/armv7-m/libc_s.a(lib_a-__atexit2.o)
                0x0000000000000b2c                __register_exitproc
 .text.__libc_fini_array
                0x0000000000000b40       0x2c /home/stephen/Workspace/mbed/local/libexec/gcc-arm-none-eabi-4_7/bin/../lib/gcc/arm-none-eabi/4.7.4/../../../../arm-none-eabi/lib/armv7-m/libc_s.a(lib_a-fini.o)
                0x0000000000000b40                __libc_fini_array
 .text.__libc_init_array
                0x0000000000000b6c       0x4c /home/stephen/Workspace/mbed/local/libexec/gcc-arm-none-eabi-4_7/bin/../lib/gcc/arm-none-eabi/4.7.4/../../../../arm-none-eabi/lib/armv7-m/libc_s.a(lib_a-init.o)
                0x0000000000000b6c                __libc_init_array
 .text.memset   0x0000000000000bb8       0x10 /home/stephen/Workspace/mbed/local/libexec/gcc-arm-none-eabi-4_7/bin/../lib/gcc/arm-none-eabi/4.7.4/../../../../arm-none-eabi/lib/armv7-m/libc_s.a(lib_a-memset.o)
                0x0000000000000bb8                memset
 *(.init)
 .init          0x0000000000000bc8        0x4 /home/stephen/Workspace/mbed/local/libexec/gcc-arm-none-eabi-4_7/bin/../lib/gcc/arm-none-eabi/4.7.4/armv7-m/crti.o
                0x0000000000000bc8                _init
 .init          0x0000000000000bcc        0x8 /home/stephen/Workspace/mbed/local/libexec/gcc-arm-none-eabi-4_7/bin/../lib/gcc/arm-none-eabi/4.7.4/armv7-m/crtn.o
 *(.fini)
 .fini          0x0000000000000bd4        0x4 /home/stephen/Workspace/mbed/local/libexec/gcc-arm-none-eabi-4_7/bin/../lib/gcc/arm-none-eabi/4.7.4/armv7-m/crti.o
                0x0000000000000bd4                _fini
 .fini          0x0000000000000bd8        0x8 /home/stephen/Workspace/mbed/local/libexec/gcc-arm-none-eabi-4_7/bin/../lib/gcc/arm-none-eabi/4.7.4/armv7-m/crtn.o
 *crtbegin.o(.ctors)
 *crtbegin?.o(.ctors)
 *(EXCLUDE_FILE(*crtend.o *crtend?.o) .ctors)
 *(SORT(.ctors.*))
 *(.ctors)
 *crtbegin.o(.dtors)
 *crtbegin?.o(.dtors)
 *(EXCLUDE_FILE(*crtend.o *crtend?.o) .dtors)
 *(SORT(.dtors.*))
 *(.dtors)
 *(.rodata*)
 *(.eh_frame*)
 .eh_frame      0x0000000000000be0        0x0 /home/stephen/Workspace/mbed/local/libexec/gcc-arm-none-eabi-4_7/bin/../lib/gcc/arm-none-eabi/4.7.4/armv7-m/crtbegin.o
 .eh_frame      0x0000000000000be0        0x4 /home/stephen/Workspace/mbed/local/libexec/gcc-arm-none-eabi-4_7/bin/../lib/gcc/arm-none-eabi/4.7.4/armv7-m/crtend.o

.glue_7         0x0000000000000be4        0x0
 .glue_7        0x0000000000000000        0x0 linker stubs

.glue_7t        0x0000000000000be4        0x0
 .glue_7t       0x0000000000000000        0x0 linker stubs

.vfp11_veneer   0x0000000000000be4        0x0
 .vfp11_veneer  0x0000000000000000        0x0 linker stubs

.v4_bx          0x0000000000000be4        0x0
 .v4_bx         0x0000000000000000        0x0 linker stubs

.iplt           0x0000000000000be4        0x0
 .iplt          0x0000000000000000        0x0 /home/stephen/Workspace/mbed/local/libexec/gcc-arm-none-eabi-4_7/bin/../lib/gcc/arm-none-eabi/4.7.4/armv7-m/crtbegin.o

.ARM.extab
 *(.ARM.extab* .gnu.linkonce.armextab.*)
                0x0000000000000be4                __exidx_start = .

.ARM.exidx      0x0000000000000be4        0x8
 *(.ARM.exidx* .gnu.linkonce.armexidx.*)
 .ARM.exidx     0x0000000000000be4        0x8 /home/stephen/Workspace/mbed/local/libexec/gcc-arm-none-eabi-4_7/bin/../lib/gcc/arm-none-eabi/4.7.4/../../../../arm-none-eabi/lib/armv7-m/crt0.o
                0x0000000000000bec                __exidx_end = .
                0x0000000000000bec                __etext = .

.rel.dyn        0x0000000000000bec        0x0
 .rel.iplt      0x0000000000000000        0x0 /home/stephen/Workspace/mbed/local/libexec/gcc-arm-none-eabi-4_7/bin/../lib/gcc/arm-none-eabi/4.7.4/armv7-m/crtbegin.o

.data           0x00000000100000c8       0x10 load address 0x0000000000000bec
                0x00000000100000c8                __data_start__ = .
                0x00000000100000c8                Image$$RW_IRAM1$$Base = .
 *(vtable)
 *(.data*)
 .data.SystemCoreClock
                0x00000000100000c8        0x4 ../../build/sys/libs/mbed/build/mbed/TARGET_LPC1768/TOOLCHAIN_GCC_ARM/system_LPC17xx.o
                0x00000000100000c8                SystemCoreClock
                0x00000000100000cc                . = ALIGN (0x4)
                0x00000000100000cc                PROVIDE (__preinit_array_start, .)
 *(.preinit_array)
                0x00000000100000cc                PROVIDE (__preinit_array_end, .)
                0x00000000100000cc                . = ALIGN (0x4)
                0x00000000100000cc                PROVIDE (__init_array_start, .)
 *(SORT(.init_array.*))
 *(.init_array)
 .init_array    0x00000000100000cc        0x4 /home/stephen/Workspace/mbed/local/libexec/gcc-arm-none-eabi-4_7/bin/../lib/gcc/arm-none-eabi/4.7.4/armv7-m/crtbegin.o
 .init_array    0x00000000100000d0        0x4 blinky.o
                0x00000000100000d4                PROVIDE (__init_array_end, .)
                0x00000000100000d4                . = ALIGN (0x4)
                0x00000000100000d4                PROVIDE (__fini_array_start, .)
 *(SORT(.fini_array.*))
 *(.fini_array)
 .fini_array    0x00000000100000d4        0x4 /home/stephen/Workspace/mbed/local/libexec/gcc-arm-none-eabi-4_7/bin/../lib/gcc/arm-none-eabi/4.7.4/armv7-m/crtbegin.o
                0x00000000100000d8                PROVIDE (__fini_array_end, .)
                0x00000000100000d8                . = ALIGN (0x4)
                0x00000000100000d8                __data_end__ = .

.jcr            0x00000000100000d8        0x0 load address 0x0000000000000bfc
 .jcr           0x00000000100000d8        0x0 /home/stephen/Workspace/mbed/local/libexec/gcc-arm-none-eabi-4_7/bin/../lib/gcc/arm-none-eabi/4.7.4/armv7-m/crtbegin.o

.igot.plt       0x00000000100000d8        0x0 load address 0x0000000000000bfc
 .igot.plt      0x0000000000000000        0x0 /home/stephen/Workspace/mbed/local/libexec/gcc-arm-none-eabi-4_7/bin/../lib/gcc/arm-none-eabi/4.7.4/armv7-m/crtbegin.o

.bss            0x00000000100000d8       0x40 load address 0x0000000000000bfc
                0x00000000100000d8                __bss_start__ = .
 *(.bss*)
 .bss           0x00000000100000d8       0x1c /home/stephen/Workspace/mbed/local/libexec/gcc-arm-none-eabi-4_7/bin/../lib/gcc/arm-none-eabi/4.7.4/armv7-m/crtbegin.o
 .bss.myled     0x00000000100000f4       0x18 blinky.o
                0x00000000100000f4                myled
 .bss.us_ticker_inited
                0x000000001000010c        0x4 ../../rootfs/lib//libmbed.a(us_ticker.o)
                0x000000001000010c                us_ticker_inited
 .bss.head      0x0000000010000110        0x4 ../../rootfs/lib//libmbed.a(us_ticker_api.o)
 .bss.event_handler
                0x0000000010000114        0x4 ../../rootfs/lib//libmbed.a(us_ticker_api.o)
 *(COMMON)
                0x0000000010000118                __bss_end__ = .
                0x0000000010000118                Image$$RW_IRAM1$$ZI$$Limit = .

.heap           0x0000000010000118      0x800
                0x0000000010000118                __end__ = .
                0x0000000010000118                end = __end__
 *(.heap*)
 .heap          0x0000000010000118      0x800 ../../build/sys/libs/mbed/build/mbed/TARGET_LPC1768/TOOLCHAIN_GCC_ARM/startup_LPC17xx.o
                0x0000000010000118                __HeapBase
                0x0000000010000918                __HeapLimit = .

.stack_dummy    0x0000000010000118      0xc00
 *(.stack)
 .stack         0x0000000010000118      0xc00 ../../build/sys/libs/mbed/build/mbed/TARGET_LPC1768/TOOLCHAIN_GCC_ARM/startup_LPC17xx.o
                0x0000000010008000                __StackTop = (ORIGIN (RAM) + 0x7f38)
                0x0000000010007400                __StackLimit = (__StackTop - SIZEOF (.stack_dummy))
                0x0000000010008000                PROVIDE (__stack, __StackTop)
                0x0000000000000001                ASSERT ((__StackLimit >= __HeapLimit), region RAM overflowed with stack)

.AHBSRAM0       0x000000002007c000        0x0
                0x000000002007c000                Image$$RW_IRAM2$$Base = .
 *(AHBSRAM0)
                0x000000002007c000                Image$$RW_IRAM2$$ZI$$Limit = .

.AHBSRAM1       0x0000000020080000        0x0
                0x0000000020080000                Image$$RW_IRAM3$$Base = .
 *(AHBSRAM1)
                0x0000000020080000                Image$$RW_IRAM3$$ZI$$Limit = .
OUTPUT(blinky.elf elf32-littlearm)

.ARM.attributes
                0x0000000000000000       0x2b
 .ARM.attributes
                0x0000000000000000       0x1d /home/stephen/Workspace/mbed/local/libexec/gcc-arm-none-eabi-4_7/bin/../lib/gcc/arm-none-eabi/4.7.4/armv7-m/crti.o
 .ARM.attributes
                0x000000000000001d       0x2d /home/stephen/Workspace/mbed/local/libexec/gcc-arm-none-eabi-4_7/bin/../lib/gcc/arm-none-eabi/4.7.4/armv7-m/crtbegin.o
 .ARM.attributes
                0x000000000000004a       0x1b /home/stephen/Workspace/mbed/local/libexec/gcc-arm-none-eabi-4_7/bin/../lib/gcc/arm-none-eabi/4.7.4/../../../../arm-none-eabi/lib/armv7-m/crt0.o
 .ARM.attributes
                0x0000000000000065       0x30 blinky.o
 .ARM.attributes
                0x0000000000000095       0x1b ../../build/sys/libs/mbed/build/mbed/TARGET_LPC1768/TOOLCHAIN_GCC_ARM/startup_LPC17xx.o
 .ARM.attributes
                0x00000000000000b0       0x33 ../../build/sys/libs/mbed/build/mbed/TARGET_LPC1768/TOOLCHAIN_GCC_ARM/cmsis_nvic.o
 .ARM.attributes
                0x00000000000000e3       0x33 ../../build/sys/libs/mbed/build/mbed/TARGET_LPC1768/TOOLCHAIN_GCC_ARM/system_LPC17xx.o
 .ARM.attributes
                0x0000000000000116       0x33 ../../rootfs/lib//libmbed.a(gpio_api.o)
 .ARM.attributes
                0x0000000000000149       0x33 ../../rootfs/lib//libmbed.a(pinmap.o)
 .ARM.attributes
                0x000000000000017c       0x33 ../../rootfs/lib//libmbed.a(wait_api.o)
 .ARM.attributes
                0x00000000000001af       0x33 ../../rootfs/lib//libmbed.a(exit.o)
 .ARM.attributes
                0x00000000000001e2       0x33 ../../rootfs/lib//libmbed.a(mbed_interface.o)
 .ARM.attributes
                0x0000000000000215       0x33 ../../rootfs/lib//libmbed.a(us_ticker.o)
 .ARM.attributes
                0x0000000000000248       0x33 ../../rootfs/lib//libmbed.a(board.o)
 .ARM.attributes
                0x000000000000027b       0x33 ../../rootfs/lib//libmbed.a(semihost_api.o)
 .ARM.attributes
                0x00000000000002ae       0x33 ../../rootfs/lib//libmbed.a(us_ticker_api.o)
 .ARM.attributes
                0x00000000000002e1       0x1d /home/stephen/Workspace/mbed/local/libexec/gcc-arm-none-eabi-4_7/bin/../lib/gcc/arm-none-eabi/4.7.4/armv7-m/libgcc.a(_arm_muldivsf3.o)
 .ARM.attributes
                0x00000000000002fe       0x1d /home/stephen/Workspace/mbed/local/libexec/gcc-arm-none-eabi-4_7/bin/../lib/gcc/arm-none-eabi/4.7.4/armv7-m/libgcc.a(_arm_fixsfsi.o)
 .ARM.attributes
                0x000000000000031b       0x2d /home/stephen/Workspace/mbed/local/libexec/gcc-arm-none-eabi-4_7/bin/../lib/gcc/arm-none-eabi/4.7.4/../../../../arm-none-eabi/lib/armv7-m/libc_s.a(lib_a-__atexit2.o)
 .ARM.attributes
                0x0000000000000348       0x2d /home/stephen/Workspace/mbed/local/libexec/gcc-arm-none-eabi-4_7/bin/../lib/gcc/arm-none-eabi/4.7.4/../../../../arm-none-eabi/lib/armv7-m/libc_s.a(lib_a-fini.o)
 .ARM.attributes
                0x0000000000000375       0x2d /home/stephen/Workspace/mbed/local/libexec/gcc-arm-none-eabi-4_7/bin/../lib/gcc/arm-none-eabi/4.7.4/../../../../arm-none-eabi/lib/armv7-m/libc_s.a(lib_a-init.o)
 .ARM.attributes
                0x00000000000003a2       0x2d /home/stephen/Workspace/mbed/local/libexec/gcc-arm-none-eabi-4_7/bin/../lib/gcc/arm-none-eabi/4.7.4/../../../../arm-none-eabi/lib/armv7-m/libc_s.a(lib_a-memset.o)
 .ARM.attributes
                0x00000000000003cf       0x2d /home/stephen/Workspace/mbed/local/libexec/gcc-arm-none-eabi-4_7/bin/../lib/gcc/arm-none-eabi/4.7.4/armv7-m/crtend.o
 .ARM.attributes
                0x00000000000003fc       0x1d /home/stephen/Workspace/mbed/local/libexec/gcc-arm-none-eabi-4_7/bin/../lib/gcc/arm-none-eabi/4.7.4/armv7-m/crtn.o

.comment        0x0000000000000000       0x70
 .comment       0x0000000000000000       0x70 blinky.o
                                         0x71 (size before relaxing)
 .comment       0x0000000000000000       0x71 ../../build/sys/libs/mbed/build/mbed/TARGET_LPC1768/TOOLCHAIN_GCC_ARM/cmsis_nvic.o
 .comment       0x0000000000000000       0x71 ../../build/sys/libs/mbed/build/mbed/TARGET_LPC1768/TOOLCHAIN_GCC_ARM/system_LPC17xx.o
 .comment       0x0000000000000000       0x71 ../../rootfs/lib//libmbed.a(gpio_api.o)
 .comment       0x0000000000000000       0x71 ../../rootfs/lib//libmbed.a(pinmap.o)
 .comment       0x0000000000000000       0x71 ../../rootfs/lib//libmbed.a(wait_api.o)
 .comment       0x0000000000000000       0x71 ../../rootfs/lib//libmbed.a(exit.o)
 .comment       0x0000000000000000       0x71 ../../rootfs/lib//libmbed.a(mbed_interface.o)
 .comment       0x0000000000000000       0x71 ../../rootfs/lib//libmbed.a(us_ticker.o)
 .comment       0x0000000000000000       0x71 ../../rootfs/lib//libmbed.a(board.o)
 .comment       0x0000000000000000       0x71 ../../rootfs/lib//libmbed.a(semihost_api.o)
 .comment       0x0000000000000000       0x71 ../../rootfs/lib//libmbed.a(us_ticker_api.o)

.debug_frame    0x0000000000000000       0xa0
 .debug_frame   0x0000000000000000       0x28 /home/stephen/Workspace/mbed/local/libexec/gcc-arm-none-eabi-4_7/bin/../lib/gcc/arm-none-eabi/4.7.4/../../../../arm-none-eabi/lib/armv7-m/libc_s.a(lib_a-__atexit2.o)
 .debug_frame   0x0000000000000028       0x2c /home/stephen/Workspace/mbed/local/libexec/gcc-arm-none-eabi-4_7/bin/../lib/gcc/arm-none-eabi/4.7.4/../../../../arm-none-eabi/lib/armv7-m/libc_s.a(lib_a-fini.o)
 .debug_frame   0x0000000000000054       0x2c /home/stephen/Workspace/mbed/local/libexec/gcc-arm-none-eabi-4_7/bin/../lib/gcc/arm-none-eabi/4.7.4/../../../../arm-none-eabi/lib/armv7-m/libc_s.a(lib_a-init.o)
 .debug_frame   0x0000000000000080       0x20 /home/stephen/Workspace/mbed/local/libexec/gcc-arm-none-eabi-4_7/bin/../lib/gcc/arm-none-eabi/4.7.4/../../../../arm-none-eabi/lib/armv7-m/libc_s.a(lib_a-memset.o)

Cross Reference Table

Symbol                                            File
ADC_IRQHandler                                    ../../build/sys/libs/mbed/build/mbed/TARGET_LPC1768/TOOLCHAIN_GCC_ARM/startup_LPC17xx.o
BOD_IRQHandler                                    ../../build/sys/libs/mbed/build/mbed/TARGET_LPC1768/TOOLCHAIN_GCC_ARM/startup_LPC17xx.o
BusFault_Handler                                  ../../build/sys/libs/mbed/build/mbed/TARGET_LPC1768/TOOLCHAIN_GCC_ARM/startup_LPC17xx.o
CANActivity_IRQHandler                            ../../build/sys/libs/mbed/build/mbed/TARGET_LPC1768/TOOLCHAIN_GCC_ARM/startup_LPC17xx.o
CAN_IRQHandler                                    ../../build/sys/libs/mbed/build/mbed/TARGET_LPC1768/TOOLCHAIN_GCC_ARM/startup_LPC17xx.o
DEF_IRQHandler                                    ../../build/sys/libs/mbed/build/mbed/TARGET_LPC1768/TOOLCHAIN_GCC_ARM/startup_LPC17xx.o
DMA_IRQHandler                                    ../../build/sys/libs/mbed/build/mbed/TARGET_LPC1768/TOOLCHAIN_GCC_ARM/startup_LPC17xx.o
DebugMon_Handler                                  ../../build/sys/libs/mbed/build/mbed/TARGET_LPC1768/TOOLCHAIN_GCC_ARM/startup_LPC17xx.o
Default_Handler                                   ../../build/sys/libs/mbed/build/mbed/TARGET_LPC1768/TOOLCHAIN_GCC_ARM/startup_LPC17xx.o
EINT0_IRQHandler                                  ../../build/sys/libs/mbed/build/mbed/TARGET_LPC1768/TOOLCHAIN_GCC_ARM/startup_LPC17xx.o
EINT1_IRQHandler                                  ../../build/sys/libs/mbed/build/mbed/TARGET_LPC1768/TOOLCHAIN_GCC_ARM/startup_LPC17xx.o
EINT2_IRQHandler                                  ../../build/sys/libs/mbed/build/mbed/TARGET_LPC1768/TOOLCHAIN_GCC_ARM/startup_LPC17xx.o
EINT3_IRQHandler                                  ../../build/sys/libs/mbed/build/mbed/TARGET_LPC1768/TOOLCHAIN_GCC_ARM/startup_LPC17xx.o
ENET_IRQHandler                                   ../../build/sys/libs/mbed/build/mbed/TARGET_LPC1768/TOOLCHAIN_GCC_ARM/startup_LPC17xx.o
HardFault_Handler                                 ../../build/sys/libs/mbed/build/mbed/TARGET_LPC1768/TOOLCHAIN_GCC_ARM/startup_LPC17xx.o
I2C0_IRQHandler                                   ../../build/sys/libs/mbed/build/mbed/TARGET_LPC1768/TOOLCHAIN_GCC_ARM/startup_LPC17xx.o
I2C1_IRQHandler                                   ../../build/sys/libs/mbed/build/mbed/TARGET_LPC1768/TOOLCHAIN_GCC_ARM/startup_LPC17xx.o
I2C2_IRQHandler                                   ../../build/sys/libs/mbed/build/mbed/TARGET_LPC1768/TOOLCHAIN_GCC_ARM/startup_LPC17xx.o
I2S_IRQHandler                                    ../../build/sys/libs/mbed/build/mbed/TARGET_LPC1768/TOOLCHAIN_GCC_ARM/startup_LPC17xx.o
MCPWM_IRQHandler                                  ../../build/sys/libs/mbed/build/mbed/TARGET_LPC1768/TOOLCHAIN_GCC_ARM/startup_LPC17xx.o
MemManage_Handler                                 ../../build/sys/libs/mbed/build/mbed/TARGET_LPC1768/TOOLCHAIN_GCC_ARM/startup_LPC17xx.o
NMI_Handler                                       ../../build/sys/libs/mbed/build/mbed/TARGET_LPC1768/TOOLCHAIN_GCC_ARM/startup_LPC17xx.o
NVIC_GetVector                                    ../../build/sys/libs/mbed/build/mbed/TARGET_LPC1768/TOOLCHAIN_GCC_ARM/cmsis_nvic.o
NVIC_SetVector                                    ../../build/sys/libs/mbed/build/mbed/TARGET_LPC1768/TOOLCHAIN_GCC_ARM/cmsis_nvic.o
                                                  ../../rootfs/lib//libmbed.a(us_ticker.o)
PLL0_IRQHandler                                   ../../build/sys/libs/mbed/build/mbed/TARGET_LPC1768/TOOLCHAIN_GCC_ARM/startup_LPC17xx.o
PLL1_IRQHandler                                   ../../build/sys/libs/mbed/build/mbed/TARGET_LPC1768/TOOLCHAIN_GCC_ARM/startup_LPC17xx.o
PWM1_IRQHandler                                   ../../build/sys/libs/mbed/build/mbed/TARGET_LPC1768/TOOLCHAIN_GCC_ARM/startup_LPC17xx.o
PendSV_Handler                                    ../../build/sys/libs/mbed/build/mbed/TARGET_LPC1768/TOOLCHAIN_GCC_ARM/startup_LPC17xx.o
QEI_IRQHandler                                    ../../build/sys/libs/mbed/build/mbed/TARGET_LPC1768/TOOLCHAIN_GCC_ARM/startup_LPC17xx.o
RIT_IRQHandler                                    ../../build/sys/libs/mbed/build/mbed/TARGET_LPC1768/TOOLCHAIN_GCC_ARM/startup_LPC17xx.o
RTC_IRQHandler                                    ../../build/sys/libs/mbed/build/mbed/TARGET_LPC1768/TOOLCHAIN_GCC_ARM/startup_LPC17xx.o
Reset_Handler                                     ../../build/sys/libs/mbed/build/mbed/TARGET_LPC1768/TOOLCHAIN_GCC_ARM/startup_LPC17xx.o
SPI_IRQHandler                                    ../../build/sys/libs/mbed/build/mbed/TARGET_LPC1768/TOOLCHAIN_GCC_ARM/startup_LPC17xx.o
SSP0_IRQHandler                                   ../../build/sys/libs/mbed/build/mbed/TARGET_LPC1768/TOOLCHAIN_GCC_ARM/startup_LPC17xx.o
SSP1_IRQHandler                                   ../../build/sys/libs/mbed/build/mbed/TARGET_LPC1768/TOOLCHAIN_GCC_ARM/startup_LPC17xx.o
SVC_Handler                                       ../../build/sys/libs/mbed/build/mbed/TARGET_LPC1768/TOOLCHAIN_GCC_ARM/startup_LPC17xx.o
SysTick_Handler                                   ../../build/sys/libs/mbed/build/mbed/TARGET_LPC1768/TOOLCHAIN_GCC_ARM/startup_LPC17xx.o
SystemCoreClock                                   ../../build/sys/libs/mbed/build/mbed/TARGET_LPC1768/TOOLCHAIN_GCC_ARM/system_LPC17xx.o
                                                  ../../rootfs/lib//libmbed.a(us_ticker.o)
SystemCoreClockUpdate                             ../../build/sys/libs/mbed/build/mbed/TARGET_LPC1768/TOOLCHAIN_GCC_ARM/system_LPC17xx.o
SystemInit                                        ../../build/sys/libs/mbed/build/mbed/TARGET_LPC1768/TOOLCHAIN_GCC_ARM/system_LPC17xx.o
                                                  ../../build/sys/libs/mbed/build/mbed/TARGET_LPC1768/TOOLCHAIN_GCC_ARM/startup_LPC17xx.o
TIMER0_IRQHandler                                 ../../build/sys/libs/mbed/build/mbed/TARGET_LPC1768/TOOLCHAIN_GCC_ARM/startup_LPC17xx.o
TIMER1_IRQHandler                                 ../../build/sys/libs/mbed/build/mbed/TARGET_LPC1768/TOOLCHAIN_GCC_ARM/startup_LPC17xx.o
TIMER2_IRQHandler                                 ../../build/sys/libs/mbed/build/mbed/TARGET_LPC1768/TOOLCHAIN_GCC_ARM/startup_LPC17xx.o
TIMER3_IRQHandler                                 ../../build/sys/libs/mbed/build/mbed/TARGET_LPC1768/TOOLCHAIN_GCC_ARM/startup_LPC17xx.o
UART0_IRQHandler                                  ../../build/sys/libs/mbed/build/mbed/TARGET_LPC1768/TOOLCHAIN_GCC_ARM/startup_LPC17xx.o
UART1_IRQHandler                                  ../../build/sys/libs/mbed/build/mbed/TARGET_LPC1768/TOOLCHAIN_GCC_ARM/startup_LPC17xx.o
UART2_IRQHandler                                  ../../build/sys/libs/mbed/build/mbed/TARGET_LPC1768/TOOLCHAIN_GCC_ARM/startup_LPC17xx.o
UART3_IRQHandler                                  ../../build/sys/libs/mbed/build/mbed/TARGET_LPC1768/TOOLCHAIN_GCC_ARM/startup_LPC17xx.o
USBActivity_IRQHandler                            ../../build/sys/libs/mbed/build/mbed/TARGET_LPC1768/TOOLCHAIN_GCC_ARM/startup_LPC17xx.o
USB_IRQHandler                                    ../../build/sys/libs/mbed/build/mbed/TARGET_LPC1768/TOOLCHAIN_GCC_ARM/startup_LPC17xx.o
UsageFault_Handler                                ../../build/sys/libs/mbed/build/mbed/TARGET_LPC1768/TOOLCHAIN_GCC_ARM/startup_LPC17xx.o
WDT_IRQHandler                                    ../../build/sys/libs/mbed/build/mbed/TARGET_LPC1768/TOOLCHAIN_GCC_ARM/startup_LPC17xx.o
_Jv_RegisterClasses                               /home/stephen/Workspace/mbed/local/libexec/gcc-arm-none-eabi-4_7/bin/../lib/gcc/arm-none-eabi/4.7.4/armv7-m/crtbegin.o
__HEAP_SIZE                                       ../../build/sys/libs/mbed/build/mbed/TARGET_LPC1768/TOOLCHAIN_GCC_ARM/startup_LPC17xx.o
__HeapBase                                        ../../build/sys/libs/mbed/build/mbed/TARGET_LPC1768/TOOLCHAIN_GCC_ARM/startup_LPC17xx.o
__HeapLimit                                       ../../build/sys/libs/mbed/build/mbed/TARGET_LPC1768/TOOLCHAIN_GCC_ARM/startup_LPC17xx.o
__STACK_SIZE                                      ../../build/sys/libs/mbed/build/mbed/TARGET_LPC1768/TOOLCHAIN_GCC_ARM/startup_LPC17xx.o
__StackLimit                                      ../../build/sys/libs/mbed/build/mbed/TARGET_LPC1768/TOOLCHAIN_GCC_ARM/startup_LPC17xx.o
__StackTop                                        ../../build/sys/libs/mbed/build/mbed/TARGET_LPC1768/TOOLCHAIN_GCC_ARM/startup_LPC17xx.o
__aeabi_f2iz                                      /home/stephen/Workspace/mbed/local/libexec/gcc-arm-none-eabi-4_7/bin/../lib/gcc/arm-none-eabi/4.7.4/armv7-m/libgcc.a(_arm_fixsfsi.o)
                                                  ../../rootfs/lib//libmbed.a(wait_api.o)
__aeabi_fdiv                                      /home/stephen/Workspace/mbed/local/libexec/gcc-arm-none-eabi-4_7/bin/../lib/gcc/arm-none-eabi/4.7.4/armv7-m/libgcc.a(_arm_muldivsf3.o)
__aeabi_fmul                                      /home/stephen/Workspace/mbed/local/libexec/gcc-arm-none-eabi-4_7/bin/../lib/gcc/arm-none-eabi/4.7.4/armv7-m/libgcc.a(_arm_muldivsf3.o)
                                                  ../../rootfs/lib//libmbed.a(wait_api.o)
__aeabi_idiv0                                     /home/stephen/Workspace/mbed/local/libexec/gcc-arm-none-eabi-4_7/bin/../lib/gcc/arm-none-eabi/4.7.4/armv7-m/libgcc.a(_dvmd_tls.o)
__aeabi_ldiv0                                     /home/stephen/Workspace/mbed/local/libexec/gcc-arm-none-eabi-4_7/bin/../lib/gcc/arm-none-eabi/4.7.4/armv7-m/libgcc.a(_dvmd_tls.o)
                                                  /home/stephen/Workspace/mbed/local/libexec/gcc-arm-none-eabi-4_7/bin/../lib/gcc/arm-none-eabi/4.7.4/armv7-m/libgcc.a(_aeabi_uldivmod.o)
__aeabi_uldivmod                                  /home/stephen/Workspace/mbed/local/libexec/gcc-arm-none-eabi-4_7/bin/../lib/gcc/arm-none-eabi/4.7.4/armv7-m/libgcc.a(_aeabi_uldivmod.o)
                                                  ../../build/sys/libs/mbed/build/mbed/TARGET_LPC1768/TOOLCHAIN_GCC_ARM/system_LPC17xx.o
__bss_end__                                       /home/stephen/Workspace/mbed/local/libexec/gcc-arm-none-eabi-4_7/bin/../lib/gcc/arm-none-eabi/4.7.4/../../../../arm-none-eabi/lib/armv7-m/crt0.o
__bss_start__                                     /home/stephen/Workspace/mbed/local/libexec/gcc-arm-none-eabi-4_7/bin/../lib/gcc/arm-none-eabi/4.7.4/../../../../arm-none-eabi/lib/armv7-m/crt0.o
__ctype_ptr__                                     /home/stephen/Workspace/mbed/local/libexec/gcc-arm-none-eabi-4_7/bin/../lib/gcc/arm-none-eabi/4.7.4/../../../../arm-none-eabi/lib/armv7-m/libc_s.a(lib_a-ctype_.o)
                                                  /home/stephen/Workspace/mbed/local/libexec/gcc-arm-none-eabi-4_7/bin/../lib/gcc/arm-none-eabi/4.7.4/../../../../arm-none-eabi/lib/armv7-m/libc_s.a(lib_a-strtoul.o)
                                                  /home/stephen/Workspace/mbed/local/libexec/gcc-arm-none-eabi-4_7/bin/../lib/gcc/arm-none-eabi/4.7.4/../../../../arm-none-eabi/lib/armv7-m/libc_s.a(lib_a-strtol.o)
                                                  /home/stephen/Workspace/mbed/local/libexec/gcc-arm-none-eabi-4_7/bin/../lib/gcc/arm-none-eabi/4.7.4/../../../../arm-none-eabi/lib/armv7-m/libc_s.a(lib_a-vfscanf_i.o)
                                                  /home/stephen/Workspace/mbed/local/libexec/gcc-arm-none-eabi-4_7/bin/../lib/gcc/arm-none-eabi/4.7.4/../../../../arm-none-eabi/lib/armv7-m/libc_s.a(lib_a-svfscanf.o)
__data_end__                                      ../../build/sys/libs/mbed/build/mbed/TARGET_LPC1768/TOOLCHAIN_GCC_ARM/startup_LPC17xx.o
__data_start__                                    ../../build/sys/libs/mbed/build/mbed/TARGET_LPC1768/TOOLCHAIN_GCC_ARM/startup_LPC17xx.o
__deregister_frame_info                           /home/stephen/Workspace/mbed/local/libexec/gcc-arm-none-eabi-4_7/bin/../lib/gcc/arm-none-eabi/4.7.4/armv7-m/crtbegin.o
__divdi3                                          /home/stephen/Workspace/mbed/local/libexec/gcc-arm-none-eabi-4_7/bin/../lib/gcc/arm-none-eabi/4.7.4/armv7-m/libgcc.a(_divdi3.o)
                                                  /home/stephen/Workspace/mbed/local/libexec/gcc-arm-none-eabi-4_7/bin/../lib/gcc/arm-none-eabi/4.7.4/armv7-m/libgcc.a(bpabi.o)
__divsf3                                          /home/stephen/Workspace/mbed/local/libexec/gcc-arm-none-eabi-4_7/bin/../lib/gcc/arm-none-eabi/4.7.4/armv7-m/libgcc.a(_arm_muldivsf3.o)
__do_register_exitproc                            /home/stephen/Workspace/mbed/local/libexec/gcc-arm-none-eabi-4_7/bin/../lib/gcc/arm-none-eabi/4.7.4/../../../../arm-none-eabi/lib/armv7-m/libc_s.a(lib_a-__atexit2.o)
__dso_handle                                      /home/stephen/Workspace/mbed/local/libexec/gcc-arm-none-eabi-4_7/bin/../lib/gcc/arm-none-eabi/4.7.4/armv7-m/crtbegin.o
__etext                                           ../../build/sys/libs/mbed/build/mbed/TARGET_LPC1768/TOOLCHAIN_GCC_ARM/startup_LPC17xx.o
__fini_array_end                                  /home/stephen/Workspace/mbed/local/libexec/gcc-arm-none-eabi-4_7/bin/../lib/gcc/arm-none-eabi/4.7.4/../../../../arm-none-eabi/lib/armv7-m/libc_s.a(lib_a-fini.o)
__fini_array_start                                /home/stephen/Workspace/mbed/local/libexec/gcc-arm-none-eabi-4_7/bin/../lib/gcc/arm-none-eabi/4.7.4/../../../../arm-none-eabi/lib/armv7-m/libc_s.a(lib_a-fini.o)
__fixsfsi                                         /home/stephen/Workspace/mbed/local/libexec/gcc-arm-none-eabi-4_7/bin/../lib/gcc/arm-none-eabi/4.7.4/armv7-m/libgcc.a(_arm_fixsfsi.o)
__fp_lock_all                                     /home/stephen/Workspace/mbed/local/libexec/gcc-arm-none-eabi-4_7/bin/../lib/gcc/arm-none-eabi/4.7.4/../../../../arm-none-eabi/lib/armv7-m/libc_s.a(lib_a-findfp.o)
__fp_unlock_all                                   /home/stephen/Workspace/mbed/local/libexec/gcc-arm-none-eabi-4_7/bin/../lib/gcc/arm-none-eabi/4.7.4/../../../../arm-none-eabi/lib/armv7-m/libc_s.a(lib_a-findfp.o)
__gnu_ldivmod_helper                              /home/stephen/Workspace/mbed/local/libexec/gcc-arm-none-eabi-4_7/bin/../lib/gcc/arm-none-eabi/4.7.4/armv7-m/libgcc.a(bpabi.o)
__gnu_uldivmod_helper                             /home/stephen/Workspace/mbed/local/libexec/gcc-arm-none-eabi-4_7/bin/../lib/gcc/arm-none-eabi/4.7.4/armv7-m/libgcc.a(bpabi.o)
                                                  /home/stephen/Workspace/mbed/local/libexec/gcc-arm-none-eabi-4_7/bin/../lib/gcc/arm-none-eabi/4.7.4/armv7-m/libgcc.a(_aeabi_uldivmod.o)
__init_array_end                                  /home/stephen/Workspace/mbed/local/libexec/gcc-arm-none-eabi-4_7/bin/../lib/gcc/arm-none-eabi/4.7.4/../../../../arm-none-eabi/lib/armv7-m/libc_s.a(lib_a-init.o)
__init_array_start                                /home/stephen/Workspace/mbed/local/libexec/gcc-arm-none-eabi-4_7/bin/../lib/gcc/arm-none-eabi/4.7.4/../../../../arm-none-eabi/lib/armv7-m/libc_s.a(lib_a-init.o)
__isr_vector                                      ../../build/sys/libs/mbed/build/mbed/TARGET_LPC1768/TOOLCHAIN_GCC_ARM/startup_LPC17xx.o
__libc_fini_array                                 /home/stephen/Workspace/mbed/local/libexec/gcc-arm-none-eabi-4_7/bin/../lib/gcc/arm-none-eabi/4.7.4/../../../../arm-none-eabi/lib/armv7-m/libc_s.a(lib_a-fini.o)
                                                  /home/stephen/Workspace/mbed/local/libexec/gcc-arm-none-eabi-4_7/bin/../lib/gcc/arm-none-eabi/4.7.4/../../../../arm-none-eabi/lib/armv7-m/crt0.o
__libc_init_array                                 /home/stephen/Workspace/mbed/local/libexec/gcc-arm-none-eabi-4_7/bin/../lib/gcc/arm-none-eabi/4.7.4/../../../../arm-none-eabi/lib/armv7-m/libc_s.a(lib_a-init.o)
                                                  /home/stephen/Workspace/mbed/local/libexec/gcc-arm-none-eabi-4_7/bin/../lib/gcc/arm-none-eabi/4.7.4/../../../../arm-none-eabi/lib/armv7-m/crt0.o
__malloc_free_list                                /home/stephen/Workspace/mbed/local/libexec/gcc-arm-none-eabi-4_7/bin/../lib/gcc/arm-none-eabi/4.7.4/../../../../arm-none-eabi/lib/armv7-m/libc_s.a(lib_a-mallocr.o)
                                                  /home/stephen/Workspace/mbed/local/libexec/gcc-arm-none-eabi-4_7/bin/../lib/gcc/arm-none-eabi/4.7.4/../../../../arm-none-eabi/lib/armv7-m/libc_s.a(lib_a-freer.o)
__mulsf3                                          /home/stephen/Workspace/mbed/local/libexec/gcc-arm-none-eabi-4_7/bin/../lib/gcc/arm-none-eabi/4.7.4/armv7-m/libgcc.a(_arm_muldivsf3.o)
__preinit_array_end                               /home/stephen/Workspace/mbed/local/libexec/gcc-arm-none-eabi-4_7/bin/../lib/gcc/arm-none-eabi/4.7.4/../../../../arm-none-eabi/lib/armv7-m/libc_s.a(lib_a-init.o)
__preinit_array_start                             /home/stephen/Workspace/mbed/local/libexec/gcc-arm-none-eabi-4_7/bin/../lib/gcc/arm-none-eabi/4.7.4/../../../../arm-none-eabi/lib/armv7-m/libc_s.a(lib_a-init.o)
__register_exitproc                               /home/stephen/Workspace/mbed/local/libexec/gcc-arm-none-eabi-4_7/bin/../lib/gcc/arm-none-eabi/4.7.4/../../../../arm-none-eabi/lib/armv7-m/libc_s.a(lib_a-__atexit2.o)
                                                  /home/stephen/Workspace/mbed/local/libexec/gcc-arm-none-eabi-4_7/bin/../lib/gcc/arm-none-eabi/4.7.4/../../../../arm-none-eabi/lib/armv7-m/crt0.o
__register_frame_info                             /home/stephen/Workspace/mbed/local/libexec/gcc-arm-none-eabi-4_7/bin/../lib/gcc/arm-none-eabi/4.7.4/armv7-m/crtbegin.o
__sccl                                            /home/stephen/Workspace/mbed/local/libexec/gcc-arm-none-eabi-4_7/bin/../lib/gcc/arm-none-eabi/4.7.4/../../../../arm-none-eabi/lib/armv7-m/libc_s.a(lib_a-sccl.o)
                                                  /home/stephen/Workspace/mbed/local/libexec/gcc-arm-none-eabi-4_7/bin/../lib/gcc/arm-none-eabi/4.7.4/../../../../arm-none-eabi/lib/armv7-m/libc_s.a(lib_a-vfscanf_i.o)
                                                  /home/stephen/Workspace/mbed/local/libexec/gcc-arm-none-eabi-4_7/bin/../lib/gcc/arm-none-eabi/4.7.4/../../../../arm-none-eabi/lib/armv7-m/libc_s.a(lib_a-svfscanf.o)
__sclose                                          /home/stephen/Workspace/mbed/local/libexec/gcc-arm-none-eabi-4_7/bin/../lib/gcc/arm-none-eabi/4.7.4/../../../../arm-none-eabi/lib/armv7-m/libc_s.a(lib_a-stdio.o)
                                                  /home/stephen/Workspace/mbed/local/libexec/gcc-arm-none-eabi-4_7/bin/../lib/gcc/arm-none-eabi/4.7.4/../../../../arm-none-eabi/lib/armv7-m/libc_s.a(lib_a-findfp.o)
__seofread                                        /home/stephen/Workspace/mbed/local/libexec/gcc-arm-none-eabi-4_7/bin/../lib/gcc/arm-none-eabi/4.7.4/../../../../arm-none-eabi/lib/armv7-m/libc_s.a(lib_a-stdio.o)
                                                  /home/stephen/Workspace/mbed/local/libexec/gcc-arm-none-eabi-4_7/bin/../lib/gcc/arm-none-eabi/4.7.4/../../../../arm-none-eabi/lib/armv7-m/libc_s.a(lib_a-sscanf.o)
__sf_fake_stderr                                  /home/stephen/Workspace/mbed/local/libexec/gcc-arm-none-eabi-4_7/bin/../lib/gcc/arm-none-eabi/4.7.4/../../../../arm-none-eabi/lib/armv7-m/libc_s.a(lib_a-findfp.o)
                                                  /home/stephen/Workspace/mbed/local/libexec/gcc-arm-none-eabi-4_7/bin/../lib/gcc/arm-none-eabi/4.7.4/../../../../arm-none-eabi/lib/armv7-m/libc_s.a(lib_a-impure.o)
                                                  /home/stephen/Workspace/mbed/local/libexec/gcc-arm-none-eabi-4_7/bin/../lib/gcc/arm-none-eabi/4.7.4/../../../../arm-none-eabi/lib/armv7-m/libc_s.a(lib_a-fflush.o)
                                                  /home/stephen/Workspace/mbed/local/libexec/gcc-arm-none-eabi-4_7/bin/../lib/gcc/arm-none-eabi/4.7.4/../../../../arm-none-eabi/lib/armv7-m/libc_s.a(lib_a-ungetc.o)
__sf_fake_stdin                                   /home/stephen/Workspace/mbed/local/libexec/gcc-arm-none-eabi-4_7/bin/../lib/gcc/arm-none-eabi/4.7.4/../../../../arm-none-eabi/lib/armv7-m/libc_s.a(lib_a-findfp.o)
                                                  /home/stephen/Workspace/mbed/local/libexec/gcc-arm-none-eabi-4_7/bin/../lib/gcc/arm-none-eabi/4.7.4/../../../../arm-none-eabi/lib/armv7-m/libc_s.a(lib_a-impure.o)
                                                  /home/stephen/Workspace/mbed/local/libexec/gcc-arm-none-eabi-4_7/bin/../lib/gcc/arm-none-eabi/4.7.4/../../../../arm-none-eabi/lib/armv7-m/libc_s.a(lib_a-fflush.o)
                                                  /home/stephen/Workspace/mbed/local/libexec/gcc-arm-none-eabi-4_7/bin/../lib/gcc/arm-none-eabi/4.7.4/../../../../arm-none-eabi/lib/armv7-m/libc_s.a(lib_a-ungetc.o)
__sf_fake_stdout                                  /home/stephen/Workspace/mbed/local/libexec/gcc-arm-none-eabi-4_7/bin/../lib/gcc/arm-none-eabi/4.7.4/../../../../arm-none-eabi/lib/armv7-m/libc_s.a(lib_a-findfp.o)
                                                  /home/stephen/Workspace/mbed/local/libexec/gcc-arm-none-eabi-4_7/bin/../lib/gcc/arm-none-eabi/4.7.4/../../../../arm-none-eabi/lib/armv7-m/libc_s.a(lib_a-impure.o)
                                                  /home/stephen/Workspace/mbed/local/libexec/gcc-arm-none-eabi-4_7/bin/../lib/gcc/arm-none-eabi/4.7.4/../../../../arm-none-eabi/lib/armv7-m/libc_s.a(lib_a-fflush.o)
                                                  /home/stephen/Workspace/mbed/local/libexec/gcc-arm-none-eabi-4_7/bin/../lib/gcc/arm-none-eabi/4.7.4/../../../../arm-none-eabi/lib/armv7-m/libc_s.a(lib_a-ungetc.o)
__sfmoreglue                                      /home/stephen/Workspace/mbed/local/libexec/gcc-arm-none-eabi-4_7/bin/../lib/gcc/arm-none-eabi/4.7.4/../../../../arm-none-eabi/lib/armv7-m/libc_s.a(lib_a-findfp.o)
__sfp                                             /home/stephen/Workspace/mbed/local/libexec/gcc-arm-none-eabi-4_7/bin/../lib/gcc/arm-none-eabi/4.7.4/../../../../arm-none-eabi/lib/armv7-m/libc_s.a(lib_a-findfp.o)
__sfp_lock_acquire                                /home/stephen/Workspace/mbed/local/libexec/gcc-arm-none-eabi-4_7/bin/../lib/gcc/arm-none-eabi/4.7.4/../../../../arm-none-eabi/lib/armv7-m/libc_s.a(lib_a-findfp.o)
                                                  /home/stephen/Workspace/mbed/local/libexec/gcc-arm-none-eabi-4_7/bin/../lib/gcc/arm-none-eabi/4.7.4/../../../../arm-none-eabi/lib/armv7-m/libc_s.a(lib_a-fwalk.o)
                                                  /home/stephen/Workspace/mbed/local/libexec/gcc-arm-none-eabi-4_7/bin/../lib/gcc/arm-none-eabi/4.7.4/../../../../arm-none-eabi/lib/armv7-m/libc_s.a(lib_a-svfscanf.o)
__sfp_lock_release                                /home/stephen/Workspace/mbed/local/libexec/gcc-arm-none-eabi-4_7/bin/../lib/gcc/arm-none-eabi/4.7.4/../../../../arm-none-eabi/lib/armv7-m/libc_s.a(lib_a-findfp.o)
                                                  /home/stephen/Workspace/mbed/local/libexec/gcc-arm-none-eabi-4_7/bin/../lib/gcc/arm-none-eabi/4.7.4/../../../../arm-none-eabi/lib/armv7-m/libc_s.a(lib_a-fwalk.o)
                                                  /home/stephen/Workspace/mbed/local/libexec/gcc-arm-none-eabi-4_7/bin/../lib/gcc/arm-none-eabi/4.7.4/../../../../arm-none-eabi/lib/armv7-m/libc_s.a(lib_a-svfscanf.o)
__sinit                                           /home/stephen/Workspace/mbed/local/libexec/gcc-arm-none-eabi-4_7/bin/../lib/gcc/arm-none-eabi/4.7.4/../../../../arm-none-eabi/lib/armv7-m/libc_s.a(lib_a-findfp.o)
                                                  /home/stephen/Workspace/mbed/local/libexec/gcc-arm-none-eabi-4_7/bin/../lib/gcc/arm-none-eabi/4.7.4/../../../../arm-none-eabi/lib/armv7-m/libc_s.a(lib_a-fflush.o)
                                                  /home/stephen/Workspace/mbed/local/libexec/gcc-arm-none-eabi-4_7/bin/../lib/gcc/arm-none-eabi/4.7.4/../../../../arm-none-eabi/lib/armv7-m/libc_s.a(lib_a-ungetc.o)
__sinit_lock_acquire                              /home/stephen/Workspace/mbed/local/libexec/gcc-arm-none-eabi-4_7/bin/../lib/gcc/arm-none-eabi/4.7.4/../../../../arm-none-eabi/lib/armv7-m/libc_s.a(lib_a-findfp.o)
__sinit_lock_release                              /home/stephen/Workspace/mbed/local/libexec/gcc-arm-none-eabi-4_7/bin/../lib/gcc/arm-none-eabi/4.7.4/../../../../arm-none-eabi/lib/armv7-m/libc_s.a(lib_a-findfp.o)
__sread                                           /home/stephen/Workspace/mbed/local/libexec/gcc-arm-none-eabi-4_7/bin/../lib/gcc/arm-none-eabi/4.7.4/../../../../arm-none-eabi/lib/armv7-m/libc_s.a(lib_a-stdio.o)
                                                  /home/stephen/Workspace/mbed/local/libexec/gcc-arm-none-eabi-4_7/bin/../lib/gcc/arm-none-eabi/4.7.4/../../../../arm-none-eabi/lib/armv7-m/libc_s.a(lib_a-findfp.o)
__sseek                                           /home/stephen/Workspace/mbed/local/libexec/gcc-arm-none-eabi-4_7/bin/../lib/gcc/arm-none-eabi/4.7.4/../../../../arm-none-eabi/lib/armv7-m/libc_s.a(lib_a-stdio.o)
                                                  /home/stephen/Workspace/mbed/local/libexec/gcc-arm-none-eabi-4_7/bin/../lib/gcc/arm-none-eabi/4.7.4/../../../../arm-none-eabi/lib/armv7-m/libc_s.a(lib_a-findfp.o)
__ssrefill_r                                      /home/stephen/Workspace/mbed/local/libexec/gcc-arm-none-eabi-4_7/bin/../lib/gcc/arm-none-eabi/4.7.4/../../../../arm-none-eabi/lib/armv7-m/libc_s.a(lib_a-svfscanf.o)
__ssvfiscanf_r                                    /home/stephen/Workspace/mbed/local/libexec/gcc-arm-none-eabi-4_7/bin/../lib/gcc/arm-none-eabi/4.7.4/../../../../arm-none-eabi/lib/armv7-m/libc_s.a(lib_a-svfscanf.o)
__ssvfscanf_r                                     /home/stephen/Workspace/mbed/local/libexec/gcc-arm-none-eabi-4_7/bin/../lib/gcc/arm-none-eabi/4.7.4/../../../../arm-none-eabi/lib/armv7-m/libc_s.a(lib_a-svfscanf.o)
                                                  /home/stephen/Workspace/mbed/local/libexec/gcc-arm-none-eabi-4_7/bin/../lib/gcc/arm-none-eabi/4.7.4/../../../../arm-none-eabi/lib/armv7-m/libc_s.a(lib_a-sscanf.o)
__stack                                           /home/stephen/Workspace/mbed/local/libexec/gcc-arm-none-eabi-4_7/bin/../lib/gcc/arm-none-eabi/4.7.4/../../../../arm-none-eabi/lib/armv7-m/crt0.o
__submore                                         /home/stephen/Workspace/mbed/local/libexec/gcc-arm-none-eabi-4_7/bin/../lib/gcc/arm-none-eabi/4.7.4/../../../../arm-none-eabi/lib/armv7-m/libc_s.a(lib_a-ungetc.o)
                                                  /home/stephen/Workspace/mbed/local/libexec/gcc-arm-none-eabi-4_7/bin/../lib/gcc/arm-none-eabi/4.7.4/../../../../arm-none-eabi/lib/armv7-m/libc_s.a(lib_a-svfscanf.o)
__swrite                                          /home/stephen/Workspace/mbed/local/libexec/gcc-arm-none-eabi-4_7/bin/../lib/gcc/arm-none-eabi/4.7.4/../../../../arm-none-eabi/lib/armv7-m/libc_s.a(lib_a-stdio.o)
                                                  /home/stephen/Workspace/mbed/local/libexec/gcc-arm-none-eabi-4_7/bin/../lib/gcc/arm-none-eabi/4.7.4/../../../../arm-none-eabi/lib/armv7-m/libc_s.a(lib_a-findfp.o)
__udivdi3                                         /home/stephen/Workspace/mbed/local/libexec/gcc-arm-none-eabi-4_7/bin/../lib/gcc/arm-none-eabi/4.7.4/armv7-m/libgcc.a(_udivdi3.o)
                                                  /home/stephen/Workspace/mbed/local/libexec/gcc-arm-none-eabi-4_7/bin/../lib/gcc/arm-none-eabi/4.7.4/armv7-m/libgcc.a(bpabi.o)
_cleanup                                          /home/stephen/Workspace/mbed/local/libexec/gcc-arm-none-eabi-4_7/bin/../lib/gcc/arm-none-eabi/4.7.4/../../../../arm-none-eabi/lib/armv7-m/libc_s.a(lib_a-findfp.o)
_cleanup_r                                        /home/stephen/Workspace/mbed/local/libexec/gcc-arm-none-eabi-4_7/bin/../lib/gcc/arm-none-eabi/4.7.4/../../../../arm-none-eabi/lib/armv7-m/libc_s.a(lib_a-findfp.o)
_close                                            /home/stephen/Workspace/mbed/local/libexec/gcc-arm-none-eabi-4_7/bin/../lib/gcc/arm-none-eabi/4.7.4/../../../../arm-none-eabi/lib/armv7-m/libc_s.a(lib_a-closer.o)
_close_r                                          /home/stephen/Workspace/mbed/local/libexec/gcc-arm-none-eabi-4_7/bin/../lib/gcc/arm-none-eabi/4.7.4/../../../../arm-none-eabi/lib/armv7-m/libc_s.a(lib_a-closer.o)
                                                  /home/stephen/Workspace/mbed/local/libexec/gcc-arm-none-eabi-4_7/bin/../lib/gcc/arm-none-eabi/4.7.4/../../../../arm-none-eabi/lib/armv7-m/libc_s.a(lib_a-stdio.o)
_ctype_                                           /home/stephen/Workspace/mbed/local/libexec/gcc-arm-none-eabi-4_7/bin/../lib/gcc/arm-none-eabi/4.7.4/../../../../arm-none-eabi/lib/armv7-m/libc_s.a(lib_a-ctype_.o)
_fflush_r                                         /home/stephen/Workspace/mbed/local/libexec/gcc-arm-none-eabi-4_7/bin/../lib/gcc/arm-none-eabi/4.7.4/../../../../arm-none-eabi/lib/armv7-m/libc_s.a(lib_a-fflush.o)
                                                  /home/stephen/Workspace/mbed/local/libexec/gcc-arm-none-eabi-4_7/bin/../lib/gcc/arm-none-eabi/4.7.4/../../../../arm-none-eabi/lib/armv7-m/libc_s.a(lib_a-findfp.o)
                                                  /home/stephen/Workspace/mbed/local/libexec/gcc-arm-none-eabi-4_7/bin/../lib/gcc/arm-none-eabi/4.7.4/../../../../arm-none-eabi/lib/armv7-m/libc_s.a(lib_a-ungetc.o)
_fini                                             /home/stephen/Workspace/mbed/local/libexec/gcc-arm-none-eabi-4_7/bin/../lib/gcc/arm-none-eabi/4.7.4/armv7-m/crti.o
                                                  /home/stephen/Workspace/mbed/local/libexec/gcc-arm-none-eabi-4_7/bin/../lib/gcc/arm-none-eabi/4.7.4/../../../../arm-none-eabi/lib/armv7-m/libc_s.a(lib_a-fini.o)
_free_r                                           /home/stephen/Workspace/mbed/local/libexec/gcc-arm-none-eabi-4_7/bin/../lib/gcc/arm-none-eabi/4.7.4/../../../../arm-none-eabi/lib/armv7-m/libc_s.a(lib_a-freer.o)
                                                  /home/stephen/Workspace/mbed/local/libexec/gcc-arm-none-eabi-4_7/bin/../lib/gcc/arm-none-eabi/4.7.4/../../../../arm-none-eabi/lib/armv7-m/libc_s.a(lib_a-reent.o)
                                                  /home/stephen/Workspace/mbed/local/libexec/gcc-arm-none-eabi-4_7/bin/../lib/gcc/arm-none-eabi/4.7.4/../../../../arm-none-eabi/lib/armv7-m/libc_s.a(lib_a-reallocr.o)
                                                  /home/stephen/Workspace/mbed/local/libexec/gcc-arm-none-eabi-4_7/bin/../lib/gcc/arm-none-eabi/4.7.4/../../../../arm-none-eabi/lib/armv7-m/libc_s.a(lib_a-fflush.o)
                                                  /home/stephen/Workspace/mbed/local/libexec/gcc-arm-none-eabi-4_7/bin/../lib/gcc/arm-none-eabi/4.7.4/../../../../arm-none-eabi/lib/armv7-m/libc_s.a(lib_a-svfscanf.o)
_fwalk                                            /home/stephen/Workspace/mbed/local/libexec/gcc-arm-none-eabi-4_7/bin/../lib/gcc/arm-none-eabi/4.7.4/../../../../arm-none-eabi/lib/armv7-m/libc_s.a(lib_a-fwalk.o)
                                                  /home/stephen/Workspace/mbed/local/libexec/gcc-arm-none-eabi-4_7/bin/../lib/gcc/arm-none-eabi/4.7.4/../../../../arm-none-eabi/lib/armv7-m/libc_s.a(lib_a-findfp.o)
_fwalk_reent                                      /home/stephen/Workspace/mbed/local/libexec/gcc-arm-none-eabi-4_7/bin/../lib/gcc/arm-none-eabi/4.7.4/../../../../arm-none-eabi/lib/armv7-m/libc_s.a(lib_a-fwalk.o)
                                                  /home/stephen/Workspace/mbed/local/libexec/gcc-arm-none-eabi-4_7/bin/../lib/gcc/arm-none-eabi/4.7.4/../../../../arm-none-eabi/lib/armv7-m/libc_s.a(lib_a-fflush.o)
_global_impure_ptr                                /home/stephen/Workspace/mbed/local/libexec/gcc-arm-none-eabi-4_7/bin/../lib/gcc/arm-none-eabi/4.7.4/../../../../arm-none-eabi/lib/armv7-m/libc_s.a(lib_a-impure.o)
                                                  /home/stephen/Workspace/mbed/local/libexec/gcc-arm-none-eabi-4_7/bin/../lib/gcc/arm-none-eabi/4.7.4/../../../../arm-none-eabi/lib/armv7-m/libc_s.a(lib_a-findfp.o)
                                                  /home/stephen/Workspace/mbed/local/libexec/gcc-arm-none-eabi-4_7/bin/../lib/gcc/arm-none-eabi/4.7.4/../../../../arm-none-eabi/lib/armv7-m/libc_s.a(lib_a-fflush.o)
_impure_ptr                                       /home/stephen/Workspace/mbed/local/libexec/gcc-arm-none-eabi-4_7/bin/../lib/gcc/arm-none-eabi/4.7.4/../../../../arm-none-eabi/lib/armv7-m/libc_s.a(lib_a-impure.o)
                                                  /home/stephen/Workspace/mbed/local/libexec/gcc-arm-none-eabi-4_7/bin/../lib/gcc/arm-none-eabi/4.7.4/../../../../arm-none-eabi/lib/armv7-m/libc_s.a(lib_a-strtoul.o)
                                                  /home/stephen/Workspace/mbed/local/libexec/gcc-arm-none-eabi-4_7/bin/../lib/gcc/arm-none-eabi/4.7.4/../../../../arm-none-eabi/lib/armv7-m/libc_s.a(lib_a-strtol.o)
                                                  /home/stephen/Workspace/mbed/local/libexec/gcc-arm-none-eabi-4_7/bin/../lib/gcc/arm-none-eabi/4.7.4/../../../../arm-none-eabi/lib/armv7-m/libc_s.a(lib_a-reent.o)
                                                  /home/stephen/Workspace/mbed/local/libexec/gcc-arm-none-eabi-4_7/bin/../lib/gcc/arm-none-eabi/4.7.4/../../../../arm-none-eabi/lib/armv7-m/libc_s.a(lib_a-findfp.o)
                                                  /home/stephen/Workspace/mbed/local/libexec/gcc-arm-none-eabi-4_7/bin/../lib/gcc/arm-none-eabi/4.7.4/../../../../arm-none-eabi/lib/armv7-m/libc_s.a(lib_a-fflush.o)
                                                  /home/stephen/Workspace/mbed/local/libexec/gcc-arm-none-eabi-4_7/bin/../lib/gcc/arm-none-eabi/4.7.4/../../../../arm-none-eabi/lib/armv7-m/libc_s.a(lib_a-ungetc.o)
                                                  /home/stephen/Workspace/mbed/local/libexec/gcc-arm-none-eabi-4_7/bin/../lib/gcc/arm-none-eabi/4.7.4/../../../../arm-none-eabi/lib/armv7-m/libc_s.a(lib_a-sscanf.o)
_init                                             /home/stephen/Workspace/mbed/local/libexec/gcc-arm-none-eabi-4_7/bin/../lib/gcc/arm-none-eabi/4.7.4/armv7-m/crti.o
                                                  /home/stephen/Workspace/mbed/local/libexec/gcc-arm-none-eabi-4_7/bin/../lib/gcc/arm-none-eabi/4.7.4/../../../../arm-none-eabi/lib/armv7-m/libc_s.a(lib_a-init.o)
_lseek                                            /home/stephen/Workspace/mbed/local/libexec/gcc-arm-none-eabi-4_7/bin/../lib/gcc/arm-none-eabi/4.7.4/../../../../arm-none-eabi/lib/armv7-m/libc_s.a(lib_a-lseekr.o)
_lseek_r                                          /home/stephen/Workspace/mbed/local/libexec/gcc-arm-none-eabi-4_7/bin/../lib/gcc/arm-none-eabi/4.7.4/../../../../arm-none-eabi/lib/armv7-m/libc_s.a(lib_a-lseekr.o)
                                                  /home/stephen/Workspace/mbed/local/libexec/gcc-arm-none-eabi-4_7/bin/../lib/gcc/arm-none-eabi/4.7.4/../../../../arm-none-eabi/lib/armv7-m/libc_s.a(lib_a-stdio.o)
_mainCRTStartup                                   /home/stephen/Workspace/mbed/local/libexec/gcc-arm-none-eabi-4_7/bin/../lib/gcc/arm-none-eabi/4.7.4/../../../../arm-none-eabi/lib/armv7-m/crt0.o
_malloc_r                                         /home/stephen/Workspace/mbed/local/libexec/gcc-arm-none-eabi-4_7/bin/../lib/gcc/arm-none-eabi/4.7.4/../../../../arm-none-eabi/lib/armv7-m/libc_s.a(lib_a-mallocr.o)
                                                  /home/stephen/Workspace/mbed/local/libexec/gcc-arm-none-eabi-4_7/bin/../lib/gcc/arm-none-eabi/4.7.4/../../../../arm-none-eabi/lib/armv7-m/libc_s.a(lib_a-reallocr.o)
                                                  /home/stephen/Workspace/mbed/local/libexec/gcc-arm-none-eabi-4_7/bin/../lib/gcc/arm-none-eabi/4.7.4/../../../../arm-none-eabi/lib/armv7-m/libc_s.a(lib_a-findfp.o)
                                                  /home/stephen/Workspace/mbed/local/libexec/gcc-arm-none-eabi-4_7/bin/../lib/gcc/arm-none-eabi/4.7.4/../../../../arm-none-eabi/lib/armv7-m/libc_s.a(lib_a-ungetc.o)
_malloc_usable_size_r                             /home/stephen/Workspace/mbed/local/libexec/gcc-arm-none-eabi-4_7/bin/../lib/gcc/arm-none-eabi/4.7.4/../../../../arm-none-eabi/lib/armv7-m/libc_s.a(lib_a-msizer.o)
                                                  /home/stephen/Workspace/mbed/local/libexec/gcc-arm-none-eabi-4_7/bin/../lib/gcc/arm-none-eabi/4.7.4/../../../../arm-none-eabi/lib/armv7-m/libc_s.a(lib_a-reallocr.o)
_read                                             /home/stephen/Workspace/mbed/local/libexec/gcc-arm-none-eabi-4_7/bin/../lib/gcc/arm-none-eabi/4.7.4/../../../../arm-none-eabi/lib/armv7-m/libc_s.a(lib_a-readr.o)
_read_r                                           /home/stephen/Workspace/mbed/local/libexec/gcc-arm-none-eabi-4_7/bin/../lib/gcc/arm-none-eabi/4.7.4/../../../../arm-none-eabi/lib/armv7-m/libc_s.a(lib_a-readr.o)
                                                  /home/stephen/Workspace/mbed/local/libexec/gcc-arm-none-eabi-4_7/bin/../lib/gcc/arm-none-eabi/4.7.4/../../../../arm-none-eabi/lib/armv7-m/libc_s.a(lib_a-stdio.o)
_realloc_r                                        /home/stephen/Workspace/mbed/local/libexec/gcc-arm-none-eabi-4_7/bin/../lib/gcc/arm-none-eabi/4.7.4/../../../../arm-none-eabi/lib/armv7-m/libc_s.a(lib_a-reallocr.o)
                                                  /home/stephen/Workspace/mbed/local/libexec/gcc-arm-none-eabi-4_7/bin/../lib/gcc/arm-none-eabi/4.7.4/../../../../arm-none-eabi/lib/armv7-m/libc_s.a(lib_a-ungetc.o)
_reclaim_reent                                    /home/stephen/Workspace/mbed/local/libexec/gcc-arm-none-eabi-4_7/bin/../lib/gcc/arm-none-eabi/4.7.4/../../../../arm-none-eabi/lib/armv7-m/libc_s.a(lib_a-reent.o)
_sbrk                                             /home/stephen/Workspace/mbed/local/libexec/gcc-arm-none-eabi-4_7/bin/../lib/gcc/arm-none-eabi/4.7.4/../../../../arm-none-eabi/lib/armv7-m/libc_s.a(lib_a-sbrkr.o)
_sbrk_r                                           /home/stephen/Workspace/mbed/local/libexec/gcc-arm-none-eabi-4_7/bin/../lib/gcc/arm-none-eabi/4.7.4/../../../../arm-none-eabi/lib/armv7-m/libc_s.a(lib_a-sbrkr.o)
                                                  /home/stephen/Workspace/mbed/local/libexec/gcc-arm-none-eabi-4_7/bin/../lib/gcc/arm-none-eabi/4.7.4/../../../../arm-none-eabi/lib/armv7-m/libc_s.a(lib_a-mallocr.o)
_scanf_chars                                      /home/stephen/Workspace/mbed/local/libexec/gcc-arm-none-eabi-4_7/bin/../lib/gcc/arm-none-eabi/4.7.4/../../../../arm-none-eabi/lib/armv7-m/libc_s.a(lib_a-vfscanf_i.o)
                                                  /home/stephen/Workspace/mbed/local/libexec/gcc-arm-none-eabi-4_7/bin/../lib/gcc/arm-none-eabi/4.7.4/../../../../arm-none-eabi/lib/armv7-m/libc_s.a(lib_a-svfscanf.o)
_scanf_float                                      /home/stephen/Workspace/mbed/local/libexec/gcc-arm-none-eabi-4_7/bin/../lib/gcc/arm-none-eabi/4.7.4/../../../../arm-none-eabi/lib/armv7-m/libc_s.a(lib_a-svfscanf.o)
_scanf_i                                          /home/stephen/Workspace/mbed/local/libexec/gcc-arm-none-eabi-4_7/bin/../lib/gcc/arm-none-eabi/4.7.4/../../../../arm-none-eabi/lib/armv7-m/libc_s.a(lib_a-vfscanf_i.o)
                                                  /home/stephen/Workspace/mbed/local/libexec/gcc-arm-none-eabi-4_7/bin/../lib/gcc/arm-none-eabi/4.7.4/../../../../arm-none-eabi/lib/armv7-m/libc_s.a(lib_a-svfscanf.o)
_siscanf_r                                        /home/stephen/Workspace/mbed/local/libexec/gcc-arm-none-eabi-4_7/bin/../lib/gcc/arm-none-eabi/4.7.4/../../../../arm-none-eabi/lib/armv7-m/libc_s.a(lib_a-sscanf.o)
_sscanf_r                                         /home/stephen/Workspace/mbed/local/libexec/gcc-arm-none-eabi-4_7/bin/../lib/gcc/arm-none-eabi/4.7.4/../../../../arm-none-eabi/lib/armv7-m/libc_s.a(lib_a-sscanf.o)
_start                                            /home/stephen/Workspace/mbed/local/libexec/gcc-arm-none-eabi-4_7/bin/../lib/gcc/arm-none-eabi/4.7.4/../../../../arm-none-eabi/lib/armv7-m/crt0.o
                                                  ../../build/sys/libs/mbed/build/mbed/TARGET_LPC1768/TOOLCHAIN_GCC_ARM/startup_LPC17xx.o
_strtol_r                                         /home/stephen/Workspace/mbed/local/libexec/gcc-arm-none-eabi-4_7/bin/../lib/gcc/arm-none-eabi/4.7.4/../../../../arm-none-eabi/lib/armv7-m/libc_s.a(lib_a-strtol.o)
                                                  /home/stephen/Workspace/mbed/local/libexec/gcc-arm-none-eabi-4_7/bin/../lib/gcc/arm-none-eabi/4.7.4/../../../../arm-none-eabi/lib/armv7-m/libc_s.a(lib_a-vfscanf_i.o)
_strtoul_r                                        /home/stephen/Workspace/mbed/local/libexec/gcc-arm-none-eabi-4_7/bin/../lib/gcc/arm-none-eabi/4.7.4/../../../../arm-none-eabi/lib/armv7-m/libc_s.a(lib_a-strtoul.o)
                                                  /home/stephen/Workspace/mbed/local/libexec/gcc-arm-none-eabi-4_7/bin/../lib/gcc/arm-none-eabi/4.7.4/../../../../arm-none-eabi/lib/armv7-m/libc_s.a(lib_a-vfscanf_i.o)
_sungetc_r                                        /home/stephen/Workspace/mbed/local/libexec/gcc-arm-none-eabi-4_7/bin/../lib/gcc/arm-none-eabi/4.7.4/../../../../arm-none-eabi/lib/armv7-m/libc_s.a(lib_a-svfscanf.o)
_ungetc_r                                         /home/stephen/Workspace/mbed/local/libexec/gcc-arm-none-eabi-4_7/bin/../lib/gcc/arm-none-eabi/4.7.4/../../../../arm-none-eabi/lib/armv7-m/libc_s.a(lib_a-ungetc.o)
_wrapup_reent                                     /home/stephen/Workspace/mbed/local/libexec/gcc-arm-none-eabi-4_7/bin/../lib/gcc/arm-none-eabi/4.7.4/../../../../arm-none-eabi/lib/armv7-m/libc_s.a(lib_a-reent.o)
_write                                            /home/stephen/Workspace/mbed/local/libexec/gcc-arm-none-eabi-4_7/bin/../lib/gcc/arm-none-eabi/4.7.4/../../../../arm-none-eabi/lib/armv7-m/libc_s.a(lib_a-writer.o)
_write_r                                          /home/stephen/Workspace/mbed/local/libexec/gcc-arm-none-eabi-4_7/bin/../lib/gcc/arm-none-eabi/4.7.4/../../../../arm-none-eabi/lib/armv7-m/libc_s.a(lib_a-writer.o)
                                                  /home/stephen/Workspace/mbed/local/libexec/gcc-arm-none-eabi-4_7/bin/../lib/gcc/arm-none-eabi/4.7.4/../../../../arm-none-eabi/lib/armv7-m/libc_s.a(lib_a-stdio.o)
cleanup_glue                                      /home/stephen/Workspace/mbed/local/libexec/gcc-arm-none-eabi-4_7/bin/../lib/gcc/arm-none-eabi/4.7.4/../../../../arm-none-eabi/lib/armv7-m/libc_s.a(lib_a-reent.o)
errno                                             /home/stephen/Workspace/mbed/local/libexec/gcc-arm-none-eabi-4_7/bin/../lib/gcc/arm-none-eabi/4.7.4/../../../../arm-none-eabi/lib/armv7-m/libc_s.a(lib_a-sbrkr.o)
                                                  /home/stephen/Workspace/mbed/local/libexec/gcc-arm-none-eabi-4_7/bin/../lib/gcc/arm-none-eabi/4.7.4/../../../../arm-none-eabi/lib/armv7-m/libc_s.a(lib_a-reent.o)
                                                  /home/stephen/Workspace/mbed/local/libexec/gcc-arm-none-eabi-4_7/bin/../lib/gcc/arm-none-eabi/4.7.4/../../../../arm-none-eabi/lib/armv7-m/libc_s.a(lib_a-readr.o)
                                                  /home/stephen/Workspace/mbed/local/libexec/gcc-arm-none-eabi-4_7/bin/../lib/gcc/arm-none-eabi/4.7.4/../../../../arm-none-eabi/lib/armv7-m/libc_s.a(lib_a-lseekr.o)
                                                  /home/stephen/Workspace/mbed/local/libexec/gcc-arm-none-eabi-4_7/bin/../lib/gcc/arm-none-eabi/4.7.4/../../../../arm-none-eabi/lib/armv7-m/libc_s.a(lib_a-closer.o)
                                                  /home/stephen/Workspace/mbed/local/libexec/gcc-arm-none-eabi-4_7/bin/../lib/gcc/arm-none-eabi/4.7.4/../../../../arm-none-eabi/lib/armv7-m/libc_s.a(lib_a-writer.o)
exit                                              ../../rootfs/lib//libmbed.a(exit.o)
                                                  /home/stephen/Workspace/mbed/local/libexec/gcc-arm-none-eabi-4_7/bin/../lib/gcc/arm-none-eabi/4.7.4/../../../../arm-none-eabi/lib/armv7-m/crt0.o
fflush                                            /home/stephen/Workspace/mbed/local/libexec/gcc-arm-none-eabi-4_7/bin/../lib/gcc/arm-none-eabi/4.7.4/../../../../arm-none-eabi/lib/armv7-m/libc_s.a(lib_a-fflush.o)
gpio_dir                                          ../../rootfs/lib//libmbed.a(gpio_api.o)
gpio_init                                         ../../rootfs/lib//libmbed.a(gpio_api.o)
                                                  ../../rootfs/lib//libmbed.a(board.o)
                                                  blinky.o
gpio_mode                                         ../../rootfs/lib//libmbed.a(gpio_api.o)
gpio_set                                          ../../rootfs/lib//libmbed.a(gpio_api.o)
hardware_init_hook                                /home/stephen/Workspace/mbed/local/libexec/gcc-arm-none-eabi-4_7/bin/../lib/gcc/arm-none-eabi/4.7.4/../../../../arm-none-eabi/lib/armv7-m/crt0.o
main                                              blinky.o
                                                  /home/stephen/Workspace/mbed/local/libexec/gcc-arm-none-eabi-4_7/bin/../lib/gcc/arm-none-eabi/4.7.4/../../../../arm-none-eabi/lib/armv7-m/crt0.o
mbed::DigitalOut::DigitalOut(PinName)             blinky.o
mbed::DigitalOut::DigitalOut(PinName)             blinky.o
mbed::DigitalOut::operator=(int)                  blinky.o
mbed::DigitalOut::write(int)                      blinky.o
mbed_die                                          ../../rootfs/lib//libmbed.a(board.o)
                                                  ../../rootfs/lib//libmbed.a(exit.o)
mbed_interface_connected                          ../../rootfs/lib//libmbed.a(mbed_interface.o)
                                                  ../../rootfs/lib//libmbed.a(exit.o)
mbed_interface_disconnect                         ../../rootfs/lib//libmbed.a(mbed_interface.o)
mbed_interface_powerdown                          ../../rootfs/lib//libmbed.a(mbed_interface.o)
mbed_interface_reset                              ../../rootfs/lib//libmbed.a(mbed_interface.o)
mbed_interface_uid                                ../../rootfs/lib//libmbed.a(mbed_interface.o)
mbed_mac_address                                  ../../rootfs/lib//libmbed.a(mbed_interface.o)
mbed_reset                                        ../../rootfs/lib//libmbed.a(mbed_interface.o)
mbed_uid                                          ../../rootfs/lib//libmbed.a(mbed_interface.o)
memchr                                            /home/stephen/Workspace/mbed/local/libexec/gcc-arm-none-eabi-4_7/bin/../lib/gcc/arm-none-eabi/4.7.4/../../../../arm-none-eabi/lib/armv7-m/libc_s.a(lib_a-memchr.o)
                                                  /home/stephen/Workspace/mbed/local/libexec/gcc-arm-none-eabi-4_7/bin/../lib/gcc/arm-none-eabi/4.7.4/../../../../arm-none-eabi/lib/armv7-m/libc_s.a(lib_a-vfscanf_i.o)
memcpy                                            /home/stephen/Workspace/mbed/local/libexec/gcc-arm-none-eabi-4_7/bin/../lib/gcc/arm-none-eabi/4.7.4/../../../../arm-none-eabi/lib/armv7-m/libc_s.a(lib_a-memcpy.o)
                                                  /home/stephen/Workspace/mbed/local/libexec/gcc-arm-none-eabi-4_7/bin/../lib/gcc/arm-none-eabi/4.7.4/../../../../arm-none-eabi/lib/armv7-m/libc_s.a(lib_a-reallocr.o)
                                                  /home/stephen/Workspace/mbed/local/libexec/gcc-arm-none-eabi-4_7/bin/../lib/gcc/arm-none-eabi/4.7.4/../../../../arm-none-eabi/lib/armv7-m/libc_s.a(lib_a-ungetc.o)
memset                                            /home/stephen/Workspace/mbed/local/libexec/gcc-arm-none-eabi-4_7/bin/../lib/gcc/arm-none-eabi/4.7.4/../../../../arm-none-eabi/lib/armv7-m/libc_s.a(lib_a-memset.o)
                                                  /home/stephen/Workspace/mbed/local/libexec/gcc-arm-none-eabi-4_7/bin/../lib/gcc/arm-none-eabi/4.7.4/../../../../arm-none-eabi/lib/armv7-m/libc_s.a(lib_a-findfp.o)
                                                  /home/stephen/Workspace/mbed/local/libexec/gcc-arm-none-eabi-4_7/bin/../lib/gcc/arm-none-eabi/4.7.4/../../../../arm-none-eabi/lib/armv7-m/crt0.o
myled                                             blinky.o
pin_function                                      ../../rootfs/lib//libmbed.a(pinmap.o)
                                                  ../../rootfs/lib//libmbed.a(gpio_api.o)
pin_mode                                          ../../rootfs/lib//libmbed.a(pinmap.o)
                                                  ../../rootfs/lib//libmbed.a(gpio_api.o)
semihost_close                                    ../../rootfs/lib//libmbed.a(semihost_api.o)
semihost_connected                                ../../rootfs/lib//libmbed.a(semihost_api.o)
                                                  ../../rootfs/lib//libmbed.a(mbed_interface.o)
semihost_disabledebug                             ../../rootfs/lib//libmbed.a(semihost_api.o)
                                                  ../../rootfs/lib//libmbed.a(mbed_interface.o)
semihost_ensure                                   ../../rootfs/lib//libmbed.a(semihost_api.o)
semihost_exit                                     ../../rootfs/lib//libmbed.a(semihost_api.o)
                                                  ../../rootfs/lib//libmbed.a(exit.o)
semihost_flen                                     ../../rootfs/lib//libmbed.a(semihost_api.o)
semihost_istty                                    ../../rootfs/lib//libmbed.a(semihost_api.o)
semihost_open                                     ../../rootfs/lib//libmbed.a(semihost_api.o)
semihost_powerdown                                ../../rootfs/lib//libmbed.a(semihost_api.o)
                                                  ../../rootfs/lib//libmbed.a(mbed_interface.o)
semihost_read                                     ../../rootfs/lib//libmbed.a(semihost_api.o)
semihost_remove                                   ../../rootfs/lib//libmbed.a(semihost_api.o)
semihost_rename                                   ../../rootfs/lib//libmbed.a(semihost_api.o)
semihost_reset                                    ../../rootfs/lib//libmbed.a(semihost_api.o)
                                                  ../../rootfs/lib//libmbed.a(mbed_interface.o)
semihost_seek                                     ../../rootfs/lib//libmbed.a(semihost_api.o)
semihost_uid                                      ../../rootfs/lib//libmbed.a(semihost_api.o)
                                                  ../../rootfs/lib//libmbed.a(mbed_interface.o)
semihost_vbus                                     ../../rootfs/lib//libmbed.a(semihost_api.o)
semihost_write                                    ../../rootfs/lib//libmbed.a(semihost_api.o)
siscanf                                           /home/stephen/Workspace/mbed/local/libexec/gcc-arm-none-eabi-4_7/bin/../lib/gcc/arm-none-eabi/4.7.4/../../../../arm-none-eabi/lib/armv7-m/libc_s.a(lib_a-sscanf.o)
software_init_hook                                /home/stephen/Workspace/mbed/local/libexec/gcc-arm-none-eabi-4_7/bin/../lib/gcc/arm-none-eabi/4.7.4/../../../../arm-none-eabi/lib/armv7-m/crt0.o
sscanf                                            /home/stephen/Workspace/mbed/local/libexec/gcc-arm-none-eabi-4_7/bin/../lib/gcc/arm-none-eabi/4.7.4/../../../../arm-none-eabi/lib/armv7-m/libc_s.a(lib_a-sscanf.o)
                                                  ../../rootfs/lib//libmbed.a(mbed_interface.o)
start                                             /home/stephen/Workspace/mbed/local/libexec/gcc-arm-none-eabi-4_7/bin/../lib/gcc/arm-none-eabi/4.7.4/../../../../arm-none-eabi/lib/armv7-m/crt0.o
strlen                                            /home/stephen/Workspace/mbed/local/libexec/gcc-arm-none-eabi-4_7/bin/../lib/gcc/arm-none-eabi/4.7.4/../../../../arm-none-eabi/lib/armv7-m/libc_s.a(lib_a-strlen.o)
                                                  /home/stephen/Workspace/mbed/local/libexec/gcc-arm-none-eabi-4_7/bin/../lib/gcc/arm-none-eabi/4.7.4/../../../../arm-none-eabi/lib/armv7-m/libc_s.a(lib_a-sscanf.o)
                                                  ../../rootfs/lib//libmbed.a(semihost_api.o)
strtol                                            /home/stephen/Workspace/mbed/local/libexec/gcc-arm-none-eabi-4_7/bin/../lib/gcc/arm-none-eabi/4.7.4/../../../../arm-none-eabi/lib/armv7-m/libc_s.a(lib_a-strtol.o)
strtoul                                           /home/stephen/Workspace/mbed/local/libexec/gcc-arm-none-eabi-4_7/bin/../lib/gcc/arm-none-eabi/4.7.4/../../../../arm-none-eabi/lib/armv7-m/libc_s.a(lib_a-strtoul.o)
ungetc                                            /home/stephen/Workspace/mbed/local/libexec/gcc-arm-none-eabi-4_7/bin/../lib/gcc/arm-none-eabi/4.7.4/../../../../arm-none-eabi/lib/armv7-m/libc_s.a(lib_a-ungetc.o)
us_ticker_clear_interrupt                         ../../rootfs/lib//libmbed.a(us_ticker.o)
                                                  ../../rootfs/lib//libmbed.a(us_ticker_api.o)
us_ticker_disable_interrupt                       ../../rootfs/lib//libmbed.a(us_ticker.o)
                                                  ../../rootfs/lib//libmbed.a(us_ticker_api.o)
us_ticker_init                                    ../../rootfs/lib//libmbed.a(us_ticker.o)
                                                  ../../rootfs/lib//libmbed.a(us_ticker_api.o)
us_ticker_inited                                  ../../rootfs/lib//libmbed.a(us_ticker.o)
us_ticker_insert_event                            ../../rootfs/lib//libmbed.a(us_ticker_api.o)
us_ticker_irq_handler                             ../../rootfs/lib//libmbed.a(us_ticker_api.o)
                                                  ../../rootfs/lib//libmbed.a(us_ticker.o)
us_ticker_read                                    ../../rootfs/lib//libmbed.a(us_ticker.o)
                                                  ../../rootfs/lib//libmbed.a(us_ticker_api.o)
                                                  ../../rootfs/lib//libmbed.a(wait_api.o)
us_ticker_remove_event                            ../../rootfs/lib//libmbed.a(us_ticker_api.o)
us_ticker_set_handler                             ../../rootfs/lib//libmbed.a(us_ticker_api.o)
us_ticker_set_interrupt                           ../../rootfs/lib//libmbed.a(us_ticker.o)
                                                  ../../rootfs/lib//libmbed.a(us_ticker_api.o)
wait                                              ../../rootfs/lib//libmbed.a(wait_api.o)
                                                  blinky.o
wait_ms                                           ../../rootfs/lib//libmbed.a(wait_api.o)
                                                  ../../rootfs/lib//libmbed.a(board.o)
wait_us                                           ../../rootfs/lib//libmbed.a(wait_api.o)
